<?xml version="1.0"?>
<link_info>
   <banner>TI ARM Linker PC v16.9.4.LTS</banner>
   <copyright>Copyright (c) 1996-2017 Texas Instruments Incorporated</copyright>
   <link_time>0x67b4f345</link_time>
   <link_errors>0x0</link_errors>
   <output_file>lab3-pt4.out</output_file>
   <entry_point>
      <name>_c_int00</name>
      <address>0x2000838d</address>
   </entry_point>
   <input_file_list>
      <input_file id="fl-2">
         <path>.\</path>
         <kind>object</kind>
         <file>Adafruit_GFX.obj</file>
         <name>Adafruit_GFX.obj</name>
      </input_file>
      <input_file id="fl-3">
         <path>.\</path>
         <kind>object</kind>
         <file>Adafruit_OLED.obj</file>
         <name>Adafruit_OLED.obj</name>
      </input_file>
      <input_file id="fl-4">
         <path>.\</path>
         <kind>object</kind>
         <file>main.obj</file>
         <name>main.obj</name>
      </input_file>
      <input_file id="fl-5">
         <path>.\</path>
         <kind>object</kind>
         <file>pin_mux_config.obj</file>
         <name>pin_mux_config.obj</name>
      </input_file>
      <input_file id="fl-6">
         <path>.\</path>
         <kind>object</kind>
         <file>startup_ccs.obj</file>
         <name>startup_ccs.obj</name>
      </input_file>
      <input_file id="fl-7">
         <path>.\</path>
         <kind>object</kind>
         <file>uart_if.obj</file>
         <name>uart_if.obj</name>
      </input_file>
      <input_file id="fl-c">
         <kind>object</kind>
         <file>&lt;internal&gt;</file>
         <name>&lt;internal&gt;</name>
      </input_file>
      <input_file id="fl-d">
         <path>C:\ti\CC3200SDK_1.5.0\cc3200-sdk\driverlib\ccs\Release\</path>
         <kind>archive</kind>
         <file>driverlib.a</file>
         <name>gpio.obj</name>
      </input_file>
      <input_file id="fl-e">
         <path>C:\ti\CC3200SDK_1.5.0\cc3200-sdk\driverlib\ccs\Release\</path>
         <kind>archive</kind>
         <file>driverlib.a</file>
         <name>interrupt.obj</name>
      </input_file>
      <input_file id="fl-f">
         <path>C:\ti\CC3200SDK_1.5.0\cc3200-sdk\driverlib\ccs\Release\</path>
         <kind>archive</kind>
         <file>driverlib.a</file>
         <name>pin.obj</name>
      </input_file>
      <input_file id="fl-10">
         <path>C:\ti\CC3200SDK_1.5.0\cc3200-sdk\driverlib\ccs\Release\</path>
         <kind>archive</kind>
         <file>driverlib.a</file>
         <name>prcm.obj</name>
      </input_file>
      <input_file id="fl-11">
         <path>C:\ti\CC3200SDK_1.5.0\cc3200-sdk\driverlib\ccs\Release\</path>
         <kind>archive</kind>
         <file>driverlib.a</file>
         <name>spi.obj</name>
      </input_file>
      <input_file id="fl-12">
         <path>C:\ti\CC3200SDK_1.5.0\cc3200-sdk\driverlib\ccs\Release\</path>
         <kind>archive</kind>
         <file>driverlib.a</file>
         <name>systick.obj</name>
      </input_file>
      <input_file id="fl-13">
         <path>C:\ti\CC3200SDK_1.5.0\cc3200-sdk\driverlib\ccs\Release\</path>
         <kind>archive</kind>
         <file>driverlib.a</file>
         <name>uart.obj</name>
      </input_file>
      <input_file id="fl-14">
         <path>C:\ti\CC3200SDK_1.5.0\cc3200-sdk\driverlib\ccs\Release\</path>
         <kind>archive</kind>
         <file>driverlib.a</file>
         <name>utils.obj</name>
      </input_file>
      <input_file id="fl-15">
         <path>C:\ti\CC3200SDK_1.5.0\cc3200-sdk\driverlib\ccs\Release\</path>
         <kind>archive</kind>
         <file>driverlib.a</file>
         <name>cpu.obj</name>
      </input_file>
      <input_file id="fl-16">
         <path>C:\ti\CC3200SDK_1.5.0\cc3200-sdk\driverlib\ccs\Release\</path>
         <kind>archive</kind>
         <file>driverlib.a</file>
         <name>flash.obj</name>
      </input_file>
      <input_file id="fl-cc">
         <path>C:\ti\ccsv7\tools\compiler\ti-cgt-arm_16.9.4.LTS\lib\</path>
         <kind>archive</kind>
         <file>rtsv7M4_T_le_v4SPD16_eabi.lib</file>
         <name>boot.obj</name>
      </input_file>
      <input_file id="fl-cd">
         <path>C:\ti\ccsv7\tools\compiler\ti-cgt-arm_16.9.4.LTS\lib\</path>
         <kind>archive</kind>
         <file>rtsv7M4_T_le_v4SPD16_eabi.lib</file>
         <name>copy_decompress_lzss.obj</name>
      </input_file>
      <input_file id="fl-ce">
         <path>C:\ti\ccsv7\tools\compiler\ti-cgt-arm_16.9.4.LTS\lib\</path>
         <kind>archive</kind>
         <file>rtsv7M4_T_le_v4SPD16_eabi.lib</file>
         <name>copy_decompress_none.obj</name>
      </input_file>
      <input_file id="fl-cf">
         <path>C:\ti\ccsv7\tools\compiler\ti-cgt-arm_16.9.4.LTS\lib\</path>
         <kind>archive</kind>
         <file>rtsv7M4_T_le_v4SPD16_eabi.lib</file>
         <name>copy_zero_init.obj</name>
      </input_file>
      <input_file id="fl-d0">
         <path>C:\ti\ccsv7\tools\compiler\ti-cgt-arm_16.9.4.LTS\lib\</path>
         <kind>archive</kind>
         <file>rtsv7M4_T_le_v4SPD16_eabi.lib</file>
         <name>exit.obj</name>
      </input_file>
      <input_file id="fl-d1">
         <path>C:\ti\ccsv7\tools\compiler\ti-cgt-arm_16.9.4.LTS\lib\</path>
         <kind>archive</kind>
         <file>rtsv7M4_T_le_v4SPD16_eabi.lib</file>
         <name>ll_mul_t2.obj</name>
      </input_file>
      <input_file id="fl-d2">
         <path>C:\ti\ccsv7\tools\compiler\ti-cgt-arm_16.9.4.LTS\lib\</path>
         <kind>archive</kind>
         <file>rtsv7M4_T_le_v4SPD16_eabi.lib</file>
         <name>memcpy_t2.obj</name>
      </input_file>
      <input_file id="fl-d3">
         <path>C:\ti\ccsv7\tools\compiler\ti-cgt-arm_16.9.4.LTS\lib\</path>
         <kind>archive</kind>
         <file>rtsv7M4_T_le_v4SPD16_eabi.lib</file>
         <name>memmov.obj</name>
      </input_file>
      <input_file id="fl-d4">
         <path>C:\ti\ccsv7\tools\compiler\ti-cgt-arm_16.9.4.LTS\lib\</path>
         <kind>archive</kind>
         <file>rtsv7M4_T_le_v4SPD16_eabi.lib</file>
         <name>memory.obj</name>
      </input_file>
      <input_file id="fl-d5">
         <path>C:\ti\ccsv7\tools\compiler\ti-cgt-arm_16.9.4.LTS\lib\</path>
         <kind>archive</kind>
         <file>rtsv7M4_T_le_v4SPD16_eabi.lib</file>
         <name>memset_t2.obj</name>
      </input_file>
      <input_file id="fl-d6">
         <path>C:\ti\ccsv7\tools\compiler\ti-cgt-arm_16.9.4.LTS\lib\</path>
         <kind>archive</kind>
         <file>rtsv7M4_T_le_v4SPD16_eabi.lib</file>
         <name>mpu_init.obj</name>
      </input_file>
      <input_file id="fl-d7">
         <path>C:\ti\ccsv7\tools\compiler\ti-cgt-arm_16.9.4.LTS\lib\</path>
         <kind>archive</kind>
         <file>rtsv7M4_T_le_v4SPD16_eabi.lib</file>
         <name>pre_init.obj</name>
      </input_file>
      <input_file id="fl-d8">
         <path>C:\ti\ccsv7\tools\compiler\ti-cgt-arm_16.9.4.LTS\lib\</path>
         <kind>archive</kind>
         <file>rtsv7M4_T_le_v4SPD16_eabi.lib</file>
         <name>stkdepth_vars.obj</name>
      </input_file>
      <input_file id="fl-d9">
         <path>C:\ti\ccsv7\tools\compiler\ti-cgt-arm_16.9.4.LTS\lib\</path>
         <kind>archive</kind>
         <file>rtsv7M4_T_le_v4SPD16_eabi.lib</file>
         <name>strlen.obj</name>
      </input_file>
      <input_file id="fl-da">
         <path>C:\ti\ccsv7\tools\compiler\ti-cgt-arm_16.9.4.LTS\lib\</path>
         <kind>archive</kind>
         <file>rtsv7M4_T_le_v4SPD16_eabi.lib</file>
         <name>ull_div_t2.obj</name>
      </input_file>
      <input_file id="fl-db">
         <path>C:\ti\ccsv7\tools\compiler\ti-cgt-arm_16.9.4.LTS\lib\</path>
         <kind>archive</kind>
         <file>rtsv7M4_T_le_v4SPD16_eabi.lib</file>
         <name>vsnprintf.obj</name>
      </input_file>
      <input_file id="fl-dc">
         <path>C:\ti\ccsv7\tools\compiler\ti-cgt-arm_16.9.4.LTS\lib\</path>
         <kind>archive</kind>
         <file>rtsv7M4_T_le_v4SPD16_eabi.lib</file>
         <name>_lock.obj</name>
      </input_file>
      <input_file id="fl-dd">
         <path>C:\ti\ccsv7\tools\compiler\ti-cgt-arm_16.9.4.LTS\lib\</path>
         <kind>archive</kind>
         <file>rtsv7M4_T_le_v4SPD16_eabi.lib</file>
         <name>_printfi.obj</name>
      </input_file>
      <input_file id="fl-de">
         <path>C:\ti\ccsv7\tools\compiler\ti-cgt-arm_16.9.4.LTS\lib\</path>
         <kind>archive</kind>
         <file>rtsv7M4_T_le_v4SPD16_eabi.lib</file>
         <name>args_main.obj</name>
      </input_file>
      <input_file id="fl-df">
         <path>C:\ti\ccsv7\tools\compiler\ti-cgt-arm_16.9.4.LTS\lib\</path>
         <kind>archive</kind>
         <file>rtsv7M4_T_le_v4SPD16_eabi.lib</file>
         <name>atoi.obj</name>
      </input_file>
      <input_file id="fl-e0">
         <path>C:\ti\ccsv7\tools\compiler\ti-cgt-arm_16.9.4.LTS\lib\</path>
         <kind>archive</kind>
         <file>rtsv7M4_T_le_v4SPD16_eabi.lib</file>
         <name>autoinit.obj</name>
      </input_file>
      <input_file id="fl-e1">
         <path>C:\ti\ccsv7\tools\compiler\ti-cgt-arm_16.9.4.LTS\lib\</path>
         <kind>archive</kind>
         <file>rtsv7M4_T_le_v4SPD16_eabi.lib</file>
         <name>cpy_tbl.obj</name>
      </input_file>
      <input_file id="fl-e2">
         <path>C:\ti\ccsv7\tools\compiler\ti-cgt-arm_16.9.4.LTS\lib\</path>
         <kind>archive</kind>
         <file>rtsv7M4_T_le_v4SPD16_eabi.lib</file>
         <name>ctype.obj</name>
      </input_file>
      <input_file id="fl-e3">
         <path>C:\ti\ccsv7\tools\compiler\ti-cgt-arm_16.9.4.LTS\lib\</path>
         <kind>archive</kind>
         <file>rtsv7M4_T_le_v4SPD16_eabi.lib</file>
         <name>fd_add_t2.obj</name>
      </input_file>
      <input_file id="fl-e4">
         <path>C:\ti\ccsv7\tools\compiler\ti-cgt-arm_16.9.4.LTS\lib\</path>
         <kind>archive</kind>
         <file>rtsv7M4_T_le_v4SPD16_eabi.lib</file>
         <name>fd_cmp_t2.obj</name>
      </input_file>
      <input_file id="fl-e5">
         <path>C:\ti\ccsv7\tools\compiler\ti-cgt-arm_16.9.4.LTS\lib\</path>
         <kind>archive</kind>
         <file>rtsv7M4_T_le_v4SPD16_eabi.lib</file>
         <name>fd_div_t2.obj</name>
      </input_file>
      <input_file id="fl-e6">
         <path>C:\ti\ccsv7\tools\compiler\ti-cgt-arm_16.9.4.LTS\lib\</path>
         <kind>archive</kind>
         <file>rtsv7M4_T_le_v4SPD16_eabi.lib</file>
         <name>fd_mul_t2.obj</name>
      </input_file>
      <input_file id="fl-e7">
         <path>C:\ti\ccsv7\tools\compiler\ti-cgt-arm_16.9.4.LTS\lib\</path>
         <kind>archive</kind>
         <file>rtsv7M4_T_le_v4SPD16_eabi.lib</file>
         <name>fd_toi_t2.obj</name>
      </input_file>
      <input_file id="fl-e8">
         <path>C:\ti\ccsv7\tools\compiler\ti-cgt-arm_16.9.4.LTS\lib\</path>
         <kind>archive</kind>
         <file>rtsv7M4_T_le_v4SPD16_eabi.lib</file>
         <name>i_tofd_t2.obj</name>
      </input_file>
      <input_file id="fl-e9">
         <path>C:\ti\ccsv7\tools\compiler\ti-cgt-arm_16.9.4.LTS\lib\</path>
         <kind>archive</kind>
         <file>rtsv7M4_T_le_v4SPD16_eabi.lib</file>
         <name>ltoa.obj</name>
      </input_file>
      <input_file id="fl-ea">
         <path>C:\ti\ccsv7\tools\compiler\ti-cgt-arm_16.9.4.LTS\lib\</path>
         <kind>archive</kind>
         <file>rtsv7M4_T_le_v4SPD16_eabi.lib</file>
         <name>memccpy.obj</name>
      </input_file>
      <input_file id="fl-eb">
         <path>C:\ti\ccsv7\tools\compiler\ti-cgt-arm_16.9.4.LTS\lib\</path>
         <kind>archive</kind>
         <file>rtsv7M4_T_le_v4SPD16_eabi.lib</file>
         <name>s_frexp.obj</name>
      </input_file>
      <input_file id="fl-ec">
         <path>C:\ti\ccsv7\tools\compiler\ti-cgt-arm_16.9.4.LTS\lib\</path>
         <kind>archive</kind>
         <file>rtsv7M4_T_le_v4SPD16_eabi.lib</file>
         <name>s_scalbn.obj</name>
      </input_file>
      <input_file id="fl-ed">
         <path>C:\ti\ccsv7\tools\compiler\ti-cgt-arm_16.9.4.LTS\lib\</path>
         <kind>archive</kind>
         <file>rtsv7M4_T_le_v4SPD16_eabi.lib</file>
         <name>startup.obj</name>
      </input_file>
      <input_file id="fl-ee">
         <path>C:\ti\ccsv7\tools\compiler\ti-cgt-arm_16.9.4.LTS\lib\</path>
         <kind>archive</kind>
         <file>rtsv7M4_T_le_v4SPD16_eabi.lib</file>
         <name>strchr.obj</name>
      </input_file>
      <input_file id="fl-ef">
         <path>C:\ti\ccsv7\tools\compiler\ti-cgt-arm_16.9.4.LTS\lib\</path>
         <kind>archive</kind>
         <file>rtsv7M4_T_le_v4SPD16_eabi.lib</file>
         <name>errno.obj</name>
      </input_file>
      <input_file id="fl-f0">
         <path>C:\ti\ccsv7\tools\compiler\ti-cgt-arm_16.9.4.LTS\lib\</path>
         <kind>archive</kind>
         <file>rtsv7M4_T_le_v4SPD16_eabi.lib</file>
         <name>s_copysign.obj</name>
      </input_file>
   </input_file_list>
   <object_component_list>
      <object_component id="oc-f">
         <name>.intvecs</name>
         <load_address>0x20004000</load_address>
         <run_address>0x20004000</run_address>
         <size>0x400</size>
         <input_file_ref idref="fl-6"/>
      </object_component>
      <object_component id="oc-2b0">
         <name>.text</name>
         <load_address>0x20004400</load_address>
         <run_address>0x20004400</run_address>
         <size>0x113e</size>
         <input_file_ref idref="fl-dd"/>
      </object_component>
      <object_component id="oc-59">
         <name>.text</name>
         <load_address>0x2000553e</load_address>
         <run_address>0x2000553e</run_address>
         <size>0x2</size>
         <input_file_ref idref="fl-d6"/>
      </object_component>
      <object_component id="oc-1a4">
         <name>.text</name>
         <load_address>0x20005540</load_address>
         <run_address>0x20005540</run_address>
         <size>0xa80</size>
         <input_file_ref idref="fl-2"/>
      </object_component>
      <object_component id="oc-a8">
         <name>.text</name>
         <load_address>0x20005fc0</load_address>
         <run_address>0x20005fc0</run_address>
         <size>0x7a4</size>
         <input_file_ref idref="fl-4"/>
      </object_component>
      <object_component id="oc-181">
         <name>.text</name>
         <load_address>0x20006764</load_address>
         <run_address>0x20006764</run_address>
         <size>0x4b6</size>
         <input_file_ref idref="fl-3"/>
      </object_component>
      <object_component id="oc-a0">
         <name>.text</name>
         <load_address>0x20006c1a</load_address>
         <run_address>0x20006c1a</run_address>
         <size>0x2</size>
         <input_file_ref idref="fl-ed"/>
      </object_component>
      <object_component id="oc-1fd">
         <name>.text</name>
         <load_address>0x20006c1c</load_address>
         <run_address>0x20006c1c</run_address>
         <size>0x3d0</size>
         <input_file_ref idref="fl-d4"/>
      </object_component>
      <object_component id="oc-12a">
         <name>.text</name>
         <load_address>0x20006fec</load_address>
         <run_address>0x20006fec</run_address>
         <size>0x280</size>
         <input_file_ref idref="fl-7"/>
      </object_component>
      <object_component id="oc-f0">
         <name>.text</name>
         <load_address>0x2000726c</load_address>
         <run_address>0x2000726c</run_address>
         <size>0x1f4</size>
         <input_file_ref idref="fl-da"/>
      </object_component>
      <object_component id="oc-326">
         <name>.text</name>
         <load_address>0x20007460</load_address>
         <run_address>0x20007460</run_address>
         <size>0x1b6</size>
         <input_file_ref idref="fl-e3"/>
      </object_component>
      <object_component id="oc-142">
         <name>.text:PRCMCC3200MCUInit</name>
         <load_address>0x20007618</load_address>
         <run_address>0x20007618</run_address>
         <size>0x178</size>
         <input_file_ref idref="fl-10"/>
      </object_component>
      <object_component id="oc-30c">
         <name>.text</name>
         <load_address>0x20007790</load_address>
         <run_address>0x20007790</run_address>
         <size>0x136</size>
         <input_file_ref idref="fl-e5"/>
      </object_component>
      <object_component id="oc-163">
         <name>.text</name>
         <load_address>0x200078c8</load_address>
         <run_address>0x200078c8</run_address>
         <size>0x130</size>
         <input_file_ref idref="fl-5"/>
      </object_component>
      <object_component id="oc-307">
         <name>.text</name>
         <load_address>0x200079f8</load_address>
         <run_address>0x200079f8</run_address>
         <size>0xfc</size>
         <input_file_ref idref="fl-e6"/>
      </object_component>
      <object_component id="oc-331">
         <name>.text</name>
         <load_address>0x20007af4</load_address>
         <run_address>0x20007af4</run_address>
         <size>0xfc</size>
         <input_file_ref idref="fl-ec"/>
      </object_component>
      <object_component id="oc-13c">
         <name>.text:IntEnable</name>
         <load_address>0x20007bf0</load_address>
         <run_address>0x20007bf0</run_address>
         <size>0xa8</size>
         <input_file_ref idref="fl-e"/>
      </object_component>
      <object_component id="oc-175">
         <name>.text:SPIConfigSetExpClk</name>
         <load_address>0x20007c98</load_address>
         <run_address>0x20007c98</run_address>
         <size>0xa0</size>
         <input_file_ref idref="fl-11"/>
      </object_component>
      <object_component id="oc-41">
         <name>.text</name>
         <load_address>0x20007d38</load_address>
         <run_address>0x20007d38</run_address>
         <size>0x9c</size>
         <input_file_ref idref="fl-d2"/>
      </object_component>
      <object_component id="oc-fa">
         <name>.text:PRCMPeripheralClockGet</name>
         <load_address>0x20007dd4</load_address>
         <run_address>0x20007dd4</run_address>
         <size>0x94</size>
         <input_file_ref idref="fl-10"/>
      </object_component>
      <object_component id="oc-2dc">
         <name>.text:PinConfigSet</name>
         <load_address>0x20007e68</load_address>
         <run_address>0x20007e68</run_address>
         <size>0x88</size>
         <input_file_ref idref="fl-f"/>
      </object_component>
      <object_component id="oc-1f1">
         <name>.text</name>
         <load_address>0x20007ef0</load_address>
         <run_address>0x20007ef0</run_address>
         <size>0x88</size>
         <input_file_ref idref="fl-db"/>
      </object_component>
      <object_component id="oc-302">
         <name>.text:__aeabi_cdcmple</name>
         <load_address>0x20007f78</load_address>
         <run_address>0x20007f78</run_address>
         <size>0x86</size>
         <input_file_ref idref="fl-e4"/>
      </object_component>
      <object_component id="oc-311">
         <name>.text:__aeabi_cdrcmple</name>
         <load_address>0x20007ffe</load_address>
         <run_address>0x20007ffe</run_address>
         <size>0x86</size>
         <input_file_ref idref="fl-e4"/>
      </object_component>
      <object_component id="oc-18d">
         <name>.text:GPIOIntTypeSet</name>
         <load_address>0x20008084</load_address>
         <run_address>0x20008084</run_address>
         <size>0x82</size>
         <input_file_ref idref="fl-d"/>
      </object_component>
      <object_component id="oc-4d">
         <name>.text</name>
         <load_address>0x20008106</load_address>
         <run_address>0x20008106</run_address>
         <size>0x7a</size>
         <input_file_ref idref="fl-d5"/>
      </object_component>
      <object_component id="oc-100">
         <name>.text:UARTConfigSetExpClk</name>
         <load_address>0x20008180</load_address>
         <run_address>0x20008180</run_address>
         <size>0x76</size>
         <input_file_ref idref="fl-13"/>
      </object_component>
      <object_component id="oc-65">
         <name>.text</name>
         <load_address>0x200081f8</load_address>
         <run_address>0x200081f8</run_address>
         <size>0x70</size>
         <input_file_ref idref="fl-e0"/>
      </object_component>
      <object_component id="oc-12">
         <name>.text:decompress:lzss</name>
         <load_address>0x20008268</load_address>
         <run_address>0x20008268</run_address>
         <size>0x68</size>
         <input_file_ref idref="fl-cd"/>
      </object_component>
      <object_component id="oc-32b">
         <name>.text</name>
         <load_address>0x200082d0</load_address>
         <run_address>0x200082d0</run_address>
         <size>0x64</size>
         <input_file_ref idref="fl-eb"/>
      </object_component>
      <object_component id="oc-169">
         <name>.text:PRCMPeripheralReset</name>
         <load_address>0x20008334</load_address>
         <run_address>0x20008334</run_address>
         <size>0x58</size>
         <input_file_ref idref="fl-10"/>
      </object_component>
      <object_component id="oc-24">
         <name>.text</name>
         <load_address>0x2000838c</load_address>
         <run_address>0x2000838c</run_address>
         <size>0x54</size>
         <input_file_ref idref="fl-cc"/>
      </object_component>
      <object_component id="oc-71">
         <name>.text</name>
         <load_address>0x200083e0</load_address>
         <run_address>0x200083e0</run_address>
         <size>0x54</size>
         <input_file_ref idref="fl-d0"/>
      </object_component>
      <object_component id="oc-31b">
         <name>.text</name>
         <load_address>0x20008434</load_address>
         <run_address>0x20008434</run_address>
         <size>0x54</size>
         <input_file_ref idref="fl-e9"/>
      </object_component>
      <object_component id="oc-33d">
         <name>.text</name>
         <load_address>0x20008488</load_address>
         <run_address>0x20008488</run_address>
         <size>0x4c</size>
         <input_file_ref idref="fl-df"/>
      </object_component>
      <object_component id="oc-9a">
         <name>.text</name>
         <load_address>0x200084d4</load_address>
         <run_address>0x200084d4</run_address>
         <size>0x4c</size>
         <input_file_ref idref="fl-e1"/>
      </object_component>
      <object_component id="oc-291">
         <name>.text:GPIOGetIntNumber</name>
         <load_address>0x20008520</load_address>
         <run_address>0x20008520</run_address>
         <size>0x48</size>
         <input_file_ref idref="fl-d"/>
      </object_component>
      <object_component id="oc-316">
         <name>.text</name>
         <load_address>0x20008568</load_address>
         <run_address>0x20008568</run_address>
         <size>0x48</size>
         <input_file_ref idref="fl-e7"/>
      </object_component>
      <object_component id="oc-24a">
         <name>.text:PinModeSet</name>
         <load_address>0x200085b0</load_address>
         <run_address>0x200085b0</run_address>
         <size>0x40</size>
         <input_file_ref idref="fl-f"/>
      </object_component>
      <object_component id="oc-230">
         <name>.text:PRCMPeripheralClkEnable</name>
         <load_address>0x200085f0</load_address>
         <run_address>0x200085f0</run_address>
         <size>0x3c</size>
         <input_file_ref idref="fl-10"/>
      </object_component>
      <object_component id="oc-256">
         <name>.text:GPIODirModeSet</name>
         <load_address>0x2000862c</load_address>
         <run_address>0x2000862c</run_address>
         <size>0x36</size>
         <input_file_ref idref="fl-d"/>
      </object_component>
      <object_component id="oc-250">
         <name>.text:PinTypeGPIO</name>
         <load_address>0x20008662</load_address>
         <run_address>0x20008662</run_address>
         <size>0x30</size>
         <input_file_ref idref="fl-f"/>
      </object_component>
      <object_component id="oc-1e4">
         <name>.text:UARTDisable</name>
         <load_address>0x20008694</load_address>
         <run_address>0x20008694</run_address>
         <size>0x30</size>
         <input_file_ref idref="fl-13"/>
      </object_component>
      <object_component id="oc-321">
         <name>.text</name>
         <load_address>0x200086c4</load_address>
         <run_address>0x200086c4</run_address>
         <size>0x2e</size>
         <input_file_ref idref="fl-e8"/>
      </object_component>
      <object_component id="oc-21e">
         <name>.text:PRCMSysResetCauseGet</name>
         <load_address>0x200086f4</load_address>
         <run_address>0x200086f4</run_address>
         <size>0x2c</size>
         <input_file_ref idref="fl-10"/>
      </object_component>
      <object_component id="oc-236">
         <name>.text:PRCMPeripheralClkDisable</name>
         <load_address>0x20008720</load_address>
         <run_address>0x20008720</run_address>
         <size>0x28</size>
         <input_file_ref idref="fl-10"/>
      </object_component>
      <object_component id="oc-10c">
         <name>.text:UARTEnable</name>
         <load_address>0x20008748</load_address>
         <run_address>0x20008748</run_address>
         <size>0x24</size>
         <input_file_ref idref="fl-13"/>
      </object_component>
      <object_component id="oc-1f7">
         <name>.text</name>
         <load_address>0x2000876c</load_address>
         <run_address>0x2000876c</run_address>
         <size>0x24</size>
         <input_file_ref idref="fl-d3"/>
      </object_component>
      <object_component id="oc-d8">
         <name>.text:GPIOIntStatus</name>
         <load_address>0x20008790</load_address>
         <run_address>0x20008790</run_address>
         <size>0x22</size>
         <input_file_ref idref="fl-d"/>
      </object_component>
      <object_component id="oc-16f">
         <name>.text:SPIReset</name>
         <load_address>0x200087b2</load_address>
         <run_address>0x200087b2</run_address>
         <size>0x22</size>
         <input_file_ref idref="fl-11"/>
      </object_component>
      <object_component id="oc-271">
         <name>.text:GPIOPinWrite</name>
         <load_address>0x200087d4</load_address>
         <run_address>0x200087d4</run_address>
         <size>0x20</size>
         <input_file_ref idref="fl-d"/>
      </object_component>
      <object_component id="oc-23e">
         <name>.text:IntRegister</name>
         <load_address>0x200087f4</load_address>
         <run_address>0x200087f4</run_address>
         <size>0x20</size>
         <input_file_ref idref="fl-e"/>
      </object_component>
      <object_component id="oc-283">
         <name>.text:SPIDataGet</name>
         <load_address>0x20008814</load_address>
         <run_address>0x20008814</run_address>
         <size>0x20</size>
         <input_file_ref idref="fl-11"/>
      </object_component>
      <object_component id="oc-187">
         <name>.text:GPIOIntRegister</name>
         <load_address>0x20008834</load_address>
         <run_address>0x20008834</run_address>
         <size>0x1e</size>
         <input_file_ref idref="fl-d"/>
      </object_component>
      <object_component id="oc-27d">
         <name>.text:SPIDataPut</name>
         <load_address>0x20008852</load_address>
         <run_address>0x20008852</run_address>
         <size>0x1e</size>
         <input_file_ref idref="fl-11"/>
      </object_component>
      <object_component id="oc-118">
         <name>.text:UARTCharPut</name>
         <load_address>0x20008870</load_address>
         <run_address>0x20008870</run_address>
         <size>0x1e</size>
         <input_file_ref idref="fl-13"/>
      </object_component>
      <object_component id="oc-14e">
         <name>.text:SysTickIntRegister</name>
         <load_address>0x20008890</load_address>
         <run_address>0x20008890</run_address>
         <size>0x1c</size>
         <input_file_ref idref="fl-12"/>
      </object_component>
      <object_component id="oc-124">
         <name>.text:UARTCharGetNonBlocking</name>
         <load_address>0x200088ac</load_address>
         <run_address>0x200088ac</run_address>
         <size>0x1c</size>
         <input_file_ref idref="fl-13"/>
      </object_component>
      <object_component id="oc-343">
         <name>.text</name>
         <load_address>0x200088c8</load_address>
         <run_address>0x200088c8</run_address>
         <size>0x1c</size>
         <input_file_ref idref="fl-ea"/>
      </object_component>
      <object_component id="oc-193">
         <name>.text:GPIOIntEnable</name>
         <load_address>0x200088e4</load_address>
         <run_address>0x200088e4</run_address>
         <size>0x1a</size>
         <input_file_ref idref="fl-d"/>
      </object_component>
      <object_component id="oc-25c">
         <name>.text:PinTypeSPI</name>
         <load_address>0x200088fe</load_address>
         <run_address>0x200088fe</run_address>
         <size>0x1a</size>
         <input_file_ref idref="fl-f"/>
      </object_component>
      <object_component id="oc-262">
         <name>.text:PinTypeUART</name>
         <load_address>0x20008918</load_address>
         <run_address>0x20008918</run_address>
         <size>0x1a</size>
         <input_file_ref idref="fl-f"/>
      </object_component>
      <object_component id="oc-e4">
         <name>.text:GPIOPinRead</name>
         <load_address>0x20008932</load_address>
         <run_address>0x20008932</run_address>
         <size>0x18</size>
         <input_file_ref idref="fl-d"/>
      </object_component>
      <object_component id="oc-289">
         <name>.text:SPICSDisable</name>
         <load_address>0x2000894a</load_address>
         <run_address>0x2000894a</run_address>
         <size>0x18</size>
         <input_file_ref idref="fl-11"/>
      </object_component>
      <object_component id="oc-277">
         <name>.text:SPICSEnable</name>
         <load_address>0x20008962</load_address>
         <run_address>0x20008962</run_address>
         <size>0x18</size>
         <input_file_ref idref="fl-11"/>
      </object_component>
      <object_component id="oc-17b">
         <name>.text:SPIEnable</name>
         <load_address>0x2000897a</load_address>
         <run_address>0x2000897a</run_address>
         <size>0x18</size>
         <input_file_ref idref="fl-11"/>
      </object_component>
      <object_component id="oc-148">
         <name>.text:SysTickPeriodSet</name>
         <load_address>0x20008994</load_address>
         <run_address>0x20008994</run_address>
         <size>0x18</size>
         <input_file_ref idref="fl-12"/>
      </object_component>
      <object_component id="oc-112">
         <name>.text:UARTBusy</name>
         <load_address>0x200089ac</load_address>
         <run_address>0x200089ac</run_address>
         <size>0x18</size>
         <input_file_ref idref="fl-13"/>
      </object_component>
      <object_component id="oc-11e">
         <name>.text:UARTCharsAvail</name>
         <load_address>0x200089c4</load_address>
         <run_address>0x200089c4</run_address>
         <size>0x18</size>
         <input_file_ref idref="fl-13"/>
      </object_component>
      <object_component id="oc-6b">
         <name>.text</name>
         <load_address>0x200089dc</load_address>
         <run_address>0x200089dc</run_address>
         <size>0x18</size>
         <input_file_ref idref="fl-de"/>
      </object_component>
      <object_component id="oc-f5">
         <name>.text</name>
         <load_address>0x200089f4</load_address>
         <run_address>0x200089f4</run_address>
         <size>0x18</size>
         <input_file_ref idref="fl-d1"/>
      </object_component>
      <object_component id="oc-224">
         <name>.text:PRCMHIBRegRead</name>
         <load_address>0x20008a0c</load_address>
         <run_address>0x20008a0c</run_address>
         <size>0x16</size>
         <input_file_ref idref="fl-10"/>
      </object_component>
      <object_component id="oc-22a">
         <name>.text:PRCMHIBRegWrite</name>
         <load_address>0x20008a22</load_address>
         <run_address>0x20008a22</run_address>
         <size>0x16</size>
         <input_file_ref idref="fl-10"/>
      </object_component>
      <object_component id="oc-106">
         <name>.text:UARTFIFOEnable</name>
         <load_address>0x20008a38</load_address>
         <run_address>0x20008a38</run_address>
         <size>0x16</size>
         <input_file_ref idref="fl-13"/>
      </object_component>
      <object_component id="oc-337">
         <name>.text</name>
         <load_address>0x20008a4e</load_address>
         <run_address>0x20008a4e</run_address>
         <size>0x16</size>
         <input_file_ref idref="fl-ee"/>
      </object_component>
      <object_component id="oc-213">
         <name>.text:CPUcpsie</name>
         <load_address>0x20008a64</load_address>
         <run_address>0x20008a64</run_address>
         <size>0x14</size>
         <input_file_ref idref="fl-15"/>
      </object_component>
      <object_component id="oc-de">
         <name>.text:GPIOIntClear</name>
         <load_address>0x20008a78</load_address>
         <run_address>0x20008a78</run_address>
         <size>0x14</size>
         <input_file_ref idref="fl-d"/>
      </object_component>
      <object_component id="oc-130">
         <name>.text:IntVTableBaseSet</name>
         <load_address>0x20008a8c</load_address>
         <run_address>0x20008a8c</run_address>
         <size>0x14</size>
         <input_file_ref idref="fl-e"/>
      </object_component>
      <object_component id="oc-1c0">
         <name>.text</name>
         <load_address>0x20008aa0</load_address>
         <run_address>0x20008aa0</run_address>
         <size>0x14</size>
         <input_file_ref idref="fl-dc"/>
      </object_component>
      <object_component id="oc-373">
         <name>.text</name>
         <load_address>0x20008ab4</load_address>
         <run_address>0x20008ab4</run_address>
         <size>0x14</size>
         <input_file_ref idref="fl-f0"/>
      </object_component>
      <object_component id="oc-199">
         <name>.text</name>
         <load_address>0x20008ac8</load_address>
         <run_address>0x20008ac8</run_address>
         <size>0x14</size>
         <input_file_ref idref="fl-d9"/>
      </object_component>
      <object_component id="oc-15a">
         <name>.text:SysTickEnable</name>
         <load_address>0x20008adc</load_address>
         <run_address>0x20008adc</run_address>
         <size>0x10</size>
         <input_file_ref idref="fl-12"/>
      </object_component>
      <object_component id="oc-154">
         <name>.text:SysTickIntEnable</name>
         <load_address>0x20008aec</load_address>
         <run_address>0x20008aec</run_address>
         <size>0x10</size>
         <input_file_ref idref="fl-12"/>
      </object_component>
      <object_component id="oc-18">
         <name>.text:decompress:none</name>
         <load_address>0x20008afc</load_address>
         <run_address>0x20008afc</run_address>
         <size>0xe</size>
         <input_file_ref idref="fl-ce"/>
      </object_component>
      <object_component id="oc-2d">
         <name>.text</name>
         <load_address>0x20008b0a</load_address>
         <run_address>0x20008b0a</run_address>
         <size>0xe</size>
         <input_file_ref idref="fl-6"/>
      </object_component>
      <object_component id="oc-ea">
         <name>.text:SysTickValueGet</name>
         <load_address>0x20008b18</load_address>
         <run_address>0x20008b18</run_address>
         <size>0xc</size>
         <input_file_ref idref="fl-12"/>
      </object_component>
      <object_component id="oc-1e">
         <name>.text:decompress:ZI</name>
         <load_address>0x20008b24</load_address>
         <run_address>0x20008b24</run_address>
         <size>0xc</size>
         <input_file_ref idref="fl-cf"/>
      </object_component>
      <object_component id="oc-136">
         <name>.text:IntMasterEnable</name>
         <load_address>0x20008b30</load_address>
         <run_address>0x20008b30</run_address>
         <size>0xa</size>
         <input_file_ref idref="fl-e"/>
      </object_component>
      <object_component id="oc-1a2">
         <name>.text:UtilsDelay</name>
         <load_address>0x20008b3a</load_address>
         <run_address>0x20008b3a</run_address>
         <size>0x6</size>
         <input_file_ref idref="fl-14"/>
      </object_component>
      <object_component id="oc-5f">
         <name>.text</name>
         <load_address>0x20008b40</load_address>
         <run_address>0x20008b40</run_address>
         <size>0x4</size>
         <input_file_ref idref="fl-d7"/>
      </object_component>
      <object_component id="oc-2a4">
         <name>.const:.string:font</name>
         <load_address>0x20008b44</load_address>
         <run_address>0x20008b44</run_address>
         <size>0x4fb</size>
         <input_file_ref idref="fl-2"/>
      </object_component>
      <object_component id="oc-380">
         <name>.const:.string:_ctypes_</name>
         <load_address>0x2000903f</load_address>
         <run_address>0x2000903f</run_address>
         <size>0x101</size>
         <input_file_ref idref="fl-e2"/>
      </object_component>
      <object_component id="oc-2d8">
         <name>.const:g_ulPinToPadMap</name>
         <load_address>0x20009140</load_address>
         <run_address>0x20009140</run_address>
         <size>0x100</size>
         <input_file_ref idref="fl-f"/>
      </object_component>
      <object_component id="oc-269">
         <name>.const:PRCM_PeriphRegsList</name>
         <load_address>0x20009240</load_address>
         <run_address>0x20009240</run_address>
         <size>0xa8</size>
         <input_file_ref idref="fl-10"/>
      </object_component>
      <object_component id="oc-21a">
         <name>.const:g_pulEnRegs</name>
         <load_address>0x200092e8</load_address>
         <run_address>0x200092e8</run_address>
         <size>0x18</size>
         <input_file_ref idref="fl-e"/>
      </object_component>
      <object_component id="oc-3c5">
         <name>.cinit..data.load</name>
         <load_address>0x20009300</load_address>
         <run_address>0x20009300</run_address>
         <size>0x39</size>
      </object_component>
      <object_component id="oc-3c3">
         <name>__TI_handler_table</name>
         <load_address>0x2000933c</load_address>
         <run_address>0x2000933c</run_address>
         <size>0xc</size>
      </object_component>
      <object_component id="oc-3c6">
         <name>.cinit..bss.load</name>
         <load_address>0x20009348</load_address>
         <run_address>0x20009348</run_address>
         <size>0x8</size>
      </object_component>
      <object_component id="oc-3c4">
         <name>__TI_cinit_table</name>
         <load_address>0x20009350</load_address>
         <run_address>0x20009350</run_address>
         <size>0x10</size>
      </object_component>
      <object_component id="oc-2a7">
         <name>.data</name>
         <load_address>0x20017838</load_address>
         <run_address>0x20017838</run_address>
         <size>0x15</size>
         <input_file_ref idref="fl-2"/>
      </object_component>
      <object_component id="oc-160">
         <name>.data</name>
         <load_address>0x20017800</load_address>
         <run_address>0x20017800</run_address>
         <size>0x36</size>
         <input_file_ref idref="fl-4"/>
      </object_component>
      <object_component id="oc-b0">
         <name>.data:$O1$$</name>
         <load_address>0x20017850</load_address>
         <run_address>0x20017850</run_address>
         <size>0xc</size>
         <input_file_ref idref="fl-d0"/>
      </object_component>
      <object_component id="oc-2c4">
         <name>.data:$O1$$</name>
         <load_address>0x2001785c</load_address>
         <run_address>0x2001785c</run_address>
         <size>0xc</size>
         <input_file_ref idref="fl-d4"/>
      </object_component>
      <object_component id="oc-77">
         <name>.data</name>
         <load_address>0x20017874</load_address>
         <run_address>0x20017874</run_address>
         <size>0x4</size>
         <input_file_ref idref="fl-d8"/>
      </object_component>
      <object_component id="oc-b3">
         <name>.data:$O1$$</name>
         <load_address>0x20017868</load_address>
         <run_address>0x20017868</run_address>
         <size>0x8</size>
         <input_file_ref idref="fl-dc"/>
      </object_component>
      <object_component id="oc-379">
         <name>.data</name>
         <load_address>0x20017870</load_address>
         <run_address>0x20017870</run_address>
         <size>0x4</size>
         <input_file_ref idref="fl-ef"/>
      </object_component>
      <object_component id="oc-203">
         <name>.bss</name>
         <uninitialized>true</uninitialized>
         <run_address>0x200178e0</run_address>
         <size>0x4</size>
         <input_file_ref idref="fl-7"/>
      </object_component>
      <object_component id="oc-19f">
         <name>.common:pin_out_intflag</name>
         <uninitialized>true</uninitialized>
         <run_address>0x200178e8</run_address>
         <size>0x1</size>
      </object_component>
      <object_component id="oc-1a3">
         <name>.common:msg</name>
         <uninitialized>true</uninitialized>
         <run_address>0x20017878</run_address>
         <size>0x34</size>
      </object_component>
      <object_component id="oc-1ab">
         <name>.common:received_msg</name>
         <uninitialized>true</uninitialized>
         <run_address>0x200178ac</run_address>
         <size>0x34</size>
      </object_component>
      <object_component id="oc-1aa">
         <name>.common:l</name>
         <uninitialized>true</uninitialized>
         <run_address>0x200178e4</run_address>
         <size>0x4</size>
      </object_component>
      <object_component id="oc-2a">
         <name>.sysmem</name>
         <uninitialized>true</uninitialized>
         <run_address>0x20017000</run_address>
         <size>0x8</size>
         <input_file_ref idref="fl-d4"/>
      </object_component>
      <object_component id="oc-3c8">
         <name>.sysmem</name>
         <uninitialized>true</uninitialized>
         <run_address>0x20017000</run_address>
         <size>0x0</size>
      </object_component>
      <object_component id="oc-29">
         <name>.stack</name>
         <uninitialized>true</uninitialized>
         <run_address>0x2002ff00</run_address>
         <size>0x0</size>
         <input_file_ref idref="fl-cc"/>
      </object_component>
      <object_component id="oc-3c7">
         <name>.stack</name>
         <uninitialized>true</uninitialized>
         <run_address>0x2002ff00</run_address>
         <size>0x0</size>
      </object_component>
      <object_component id="oc-2ab">
         <name>.debug_info</name>
         <load_address>0x0</load_address>
         <run_address>0x0</run_address>
         <size>0x371</size>
         <input_file_ref idref="fl-2"/>
      </object_component>
      <object_component id="oc-2a5">
         <name>.debug_info</name>
         <load_address>0x371</load_address>
         <run_address>0x371</run_address>
         <size>0xdc</size>
         <input_file_ref idref="fl-2"/>
      </object_component>
      <object_component id="oc-2a8">
         <name>.debug_info</name>
         <load_address>0x44d</load_address>
         <run_address>0x44d</run_address>
         <size>0x18a</size>
         <input_file_ref idref="fl-2"/>
      </object_component>
      <object_component id="oc-1a5">
         <name>.debug_info</name>
         <load_address>0x5d7</load_address>
         <run_address>0x5d7</run_address>
         <size>0x14e6</size>
         <input_file_ref idref="fl-2"/>
      </object_component>
      <object_component id="oc-3c">
         <name>.debug_info</name>
         <load_address>0x1abd</load_address>
         <run_address>0x1abd</run_address>
         <size>0x84</size>
         <input_file_ref idref="fl-2"/>
      </object_component>
      <object_component id="oc-290">
         <name>.debug_info</name>
         <load_address>0x1b41</load_address>
         <run_address>0x1b41</run_address>
         <size>0x353</size>
         <input_file_ref idref="fl-3"/>
      </object_component>
      <object_component id="oc-183">
         <name>.debug_info</name>
         <load_address>0x1e94</load_address>
         <run_address>0x1e94</run_address>
         <size>0xe91</size>
         <input_file_ref idref="fl-3"/>
      </object_component>
      <object_component id="oc-2ea">
         <name>.debug_info</name>
         <load_address>0x2d25</load_address>
         <run_address>0x2d25</run_address>
         <size>0x62</size>
         <input_file_ref idref="fl-3"/>
      </object_component>
      <object_component id="oc-1d9">
         <name>.debug_info</name>
         <load_address>0x2d87</load_address>
         <run_address>0x2d87</run_address>
         <size>0x2c</size>
         <input_file_ref idref="fl-3"/>
      </object_component>
      <object_component id="oc-91">
         <name>.debug_info</name>
         <load_address>0x2db3</load_address>
         <run_address>0x2db3</run_address>
         <size>0x2c</size>
         <input_file_ref idref="fl-3"/>
      </object_component>
      <object_component id="oc-1a0">
         <name>.debug_info</name>
         <load_address>0x2ddf</load_address>
         <run_address>0x2ddf</run_address>
         <size>0xa66</size>
         <input_file_ref idref="fl-4"/>
      </object_component>
      <object_component id="oc-161">
         <name>.debug_info</name>
         <load_address>0x3845</load_address>
         <run_address>0x3845</run_address>
         <size>0x2eb</size>
         <input_file_ref idref="fl-4"/>
      </object_component>
      <object_component id="oc-a9">
         <name>.debug_info</name>
         <load_address>0x3b30</load_address>
         <run_address>0x3b30</run_address>
         <size>0x960</size>
         <input_file_ref idref="fl-4"/>
      </object_component>
      <object_component id="oc-29f">
         <name>.debug_info</name>
         <load_address>0x4490</load_address>
         <run_address>0x4490</run_address>
         <size>0xc8</size>
         <input_file_ref idref="fl-4"/>
      </object_component>
      <object_component id="oc-1ad">
         <name>.debug_info</name>
         <load_address>0x4558</load_address>
         <run_address>0x4558</run_address>
         <size>0x8b</size>
         <input_file_ref idref="fl-4"/>
      </object_component>
      <object_component id="oc-1b2">
         <name>.debug_info</name>
         <load_address>0x45e3</load_address>
         <run_address>0x45e3</run_address>
         <size>0x18b</size>
         <input_file_ref idref="fl-4"/>
      </object_component>
      <object_component id="oc-208">
         <name>.debug_info</name>
         <load_address>0x476e</load_address>
         <run_address>0x476e</run_address>
         <size>0x4e</size>
         <input_file_ref idref="fl-4"/>
      </object_component>
      <object_component id="oc-164">
         <name>.debug_info</name>
         <load_address>0x47bc</load_address>
         <run_address>0x47bc</run_address>
         <size>0x3d5</size>
         <input_file_ref idref="fl-5"/>
      </object_component>
      <object_component id="oc-35">
         <name>.debug_info</name>
         <load_address>0x4b91</load_address>
         <run_address>0x4b91</run_address>
         <size>0x2c8</size>
         <input_file_ref idref="fl-6"/>
      </object_component>
      <object_component id="oc-10">
         <name>.debug_info</name>
         <load_address>0x4e59</load_address>
         <run_address>0x4e59</run_address>
         <size>0x119</size>
         <input_file_ref idref="fl-6"/>
      </object_component>
      <object_component id="oc-2e">
         <name>.debug_info</name>
         <load_address>0x4f72</load_address>
         <run_address>0x4f72</run_address>
         <size>0x43a</size>
         <input_file_ref idref="fl-6"/>
      </object_component>
      <object_component id="oc-207">
         <name>.debug_info</name>
         <load_address>0x53ac</load_address>
         <run_address>0x53ac</run_address>
         <size>0x4fd</size>
         <input_file_ref idref="fl-7"/>
      </object_component>
      <object_component id="oc-204">
         <name>.debug_info</name>
         <load_address>0x58a9</load_address>
         <run_address>0x58a9</run_address>
         <size>0xe3</size>
         <input_file_ref idref="fl-7"/>
      </object_component>
      <object_component id="oc-12b">
         <name>.debug_info</name>
         <load_address>0x598c</load_address>
         <run_address>0x598c</run_address>
         <size>0x649</size>
         <input_file_ref idref="fl-7"/>
      </object_component>
      <object_component id="oc-20d">
         <name>.debug_info</name>
         <load_address>0x5fd5</load_address>
         <run_address>0x5fd5</run_address>
         <size>0x110</size>
         <input_file_ref idref="fl-7"/>
      </object_component>
      <object_component id="oc-298">
         <name>.debug_info</name>
         <load_address>0x60e5</load_address>
         <run_address>0x60e5</run_address>
         <size>0x1e0</size>
         <input_file_ref idref="fl-d"/>
      </object_component>
      <object_component id="oc-295">
         <name>.debug_info</name>
         <load_address>0x62c5</load_address>
         <run_address>0x62c5</run_address>
         <size>0x19e</size>
         <input_file_ref idref="fl-d"/>
      </object_component>
      <object_component id="oc-25a">
         <name>.debug_info</name>
         <load_address>0x6463</load_address>
         <run_address>0x6463</run_address>
         <size>0x1dd</size>
         <input_file_ref idref="fl-d"/>
      </object_component>
      <object_component id="oc-190">
         <name>.debug_info</name>
         <load_address>0x6640</load_address>
         <run_address>0x6640</run_address>
         <size>0x1e8</size>
         <input_file_ref idref="fl-d"/>
      </object_component>
      <object_component id="oc-196">
         <name>.debug_info</name>
         <load_address>0x6828</load_address>
         <run_address>0x6828</run_address>
         <size>0x1bf</size>
         <input_file_ref idref="fl-d"/>
      </object_component>
      <object_component id="oc-db">
         <name>.debug_info</name>
         <load_address>0x69e7</load_address>
         <run_address>0x69e7</run_address>
         <size>0x1b7</size>
         <input_file_ref idref="fl-d"/>
      </object_component>
      <object_component id="oc-e1">
         <name>.debug_info</name>
         <load_address>0x6b9e</load_address>
         <run_address>0x6b9e</run_address>
         <size>0x1bd</size>
         <input_file_ref idref="fl-d"/>
      </object_component>
      <object_component id="oc-18a">
         <name>.debug_info</name>
         <load_address>0x6d5b</load_address>
         <run_address>0x6d5b</run_address>
         <size>0x208</size>
         <input_file_ref idref="fl-d"/>
      </object_component>
      <object_component id="oc-e7">
         <name>.debug_info</name>
         <load_address>0x6f63</load_address>
         <run_address>0x6f63</run_address>
         <size>0x1af</size>
         <input_file_ref idref="fl-d"/>
      </object_component>
      <object_component id="oc-274">
         <name>.debug_info</name>
         <load_address>0x7112</load_address>
         <run_address>0x7112</run_address>
         <size>0x1d4</size>
         <input_file_ref idref="fl-d"/>
      </object_component>
      <object_component id="oc-2cf">
         <name>.debug_info</name>
         <load_address>0x72e6</load_address>
         <run_address>0x72e6</run_address>
         <size>0x201</size>
         <input_file_ref idref="fl-e"/>
      </object_component>
      <object_component id="oc-21b">
         <name>.debug_info</name>
         <load_address>0x74e7</load_address>
         <run_address>0x74e7</run_address>
         <size>0xf4</size>
         <input_file_ref idref="fl-e"/>
      </object_component>
      <object_component id="oc-137">
         <name>.debug_info</name>
         <load_address>0x75db</load_address>
         <run_address>0x75db</run_address>
         <size>0x17c</size>
         <input_file_ref idref="fl-e"/>
      </object_component>
      <object_component id="oc-131">
         <name>.debug_info</name>
         <load_address>0x7757</load_address>
         <run_address>0x7757</run_address>
         <size>0x1ae</size>
         <input_file_ref idref="fl-e"/>
      </object_component>
      <object_component id="oc-23f">
         <name>.debug_info</name>
         <load_address>0x7905</load_address>
         <run_address>0x7905</run_address>
         <size>0x1f8</size>
         <input_file_ref idref="fl-e"/>
      </object_component>
      <object_component id="oc-13d">
         <name>.debug_info</name>
         <load_address>0x7afd</load_address>
         <run_address>0x7afd</run_address>
         <size>0x19f</size>
         <input_file_ref idref="fl-e"/>
      </object_component>
      <object_component id="oc-35f">
         <name>.debug_info</name>
         <load_address>0x7c9c</load_address>
         <run_address>0x7c9c</run_address>
         <size>0x14e</size>
         <input_file_ref idref="fl-f"/>
      </object_component>
      <object_component id="oc-2d9">
         <name>.debug_info</name>
         <load_address>0x7dea</load_address>
         <run_address>0x7dea</run_address>
         <size>0xf6</size>
         <input_file_ref idref="fl-f"/>
      </object_component>
      <object_component id="oc-24d">
         <name>.debug_info</name>
         <load_address>0x7ee0</load_address>
         <run_address>0x7ee0</run_address>
         <size>0x1bf</size>
         <input_file_ref idref="fl-f"/>
      </object_component>
      <object_component id="oc-2de">
         <name>.debug_info</name>
         <load_address>0x809f</load_address>
         <run_address>0x809f</run_address>
         <size>0x20d</size>
         <input_file_ref idref="fl-f"/>
      </object_component>
      <object_component id="oc-264">
         <name>.debug_info</name>
         <load_address>0x82ac</load_address>
         <run_address>0x82ac</run_address>
         <size>0x1d4</size>
         <input_file_ref idref="fl-f"/>
      </object_component>
      <object_component id="oc-25e">
         <name>.debug_info</name>
         <load_address>0x8480</load_address>
         <run_address>0x8480</run_address>
         <size>0x1d2</size>
         <input_file_ref idref="fl-f"/>
      </object_component>
      <object_component id="oc-252">
         <name>.debug_info</name>
         <load_address>0x8652</load_address>
         <run_address>0x8652</run_address>
         <size>0x222</size>
         <input_file_ref idref="fl-f"/>
      </object_component>
      <object_component id="oc-26d">
         <name>.debug_info</name>
         <load_address>0x8874</load_address>
         <run_address>0x8874</run_address>
         <size>0x25e</size>
         <input_file_ref idref="fl-10"/>
      </object_component>
      <object_component id="oc-26a">
         <name>.debug_info</name>
         <load_address>0x8ad2</load_address>
         <run_address>0x8ad2</run_address>
         <size>0xff</size>
         <input_file_ref idref="fl-10"/>
      </object_component>
      <object_component id="oc-21f">
         <name>.debug_info</name>
         <load_address>0x8bd1</load_address>
         <run_address>0x8bd1</run_address>
         <size>0x1a6</size>
         <input_file_ref idref="fl-10"/>
      </object_component>
      <object_component id="oc-231">
         <name>.debug_info</name>
         <load_address>0x8d77</load_address>
         <run_address>0x8d77</run_address>
         <size>0x1eb</size>
         <input_file_ref idref="fl-10"/>
      </object_component>
      <object_component id="oc-237">
         <name>.debug_info</name>
         <load_address>0x8f62</load_address>
         <run_address>0x8f62</run_address>
         <size>0x1ed</size>
         <input_file_ref idref="fl-10"/>
      </object_component>
      <object_component id="oc-fb">
         <name>.debug_info</name>
         <load_address>0x914f</load_address>
         <run_address>0x914f</run_address>
         <size>0x216</size>
         <input_file_ref idref="fl-10"/>
      </object_component>
      <object_component id="oc-16a">
         <name>.debug_info</name>
         <load_address>0x9365</load_address>
         <run_address>0x9365</run_address>
         <size>0x1c0</size>
         <input_file_ref idref="fl-10"/>
      </object_component>
      <object_component id="oc-143">
         <name>.debug_info</name>
         <load_address>0x9525</load_address>
         <run_address>0x9525</run_address>
         <size>0x283</size>
         <input_file_ref idref="fl-10"/>
      </object_component>
      <object_component id="oc-225">
         <name>.debug_info</name>
         <load_address>0x97a8</load_address>
         <run_address>0x97a8</run_address>
         <size>0x1bf</size>
         <input_file_ref idref="fl-10"/>
      </object_component>
      <object_component id="oc-22b">
         <name>.debug_info</name>
         <load_address>0x9967</load_address>
         <run_address>0x9967</run_address>
         <size>0x1d4</size>
         <input_file_ref idref="fl-10"/>
      </object_component>
      <object_component id="oc-2f3">
         <name>.debug_info</name>
         <load_address>0x9b3b</load_address>
         <run_address>0x9b3b</run_address>
         <size>0x232</size>
         <input_file_ref idref="fl-11"/>
      </object_component>
      <object_component id="oc-17c">
         <name>.debug_info</name>
         <load_address>0x9d6d</load_address>
         <run_address>0x9d6d</run_address>
         <size>0x179</size>
         <input_file_ref idref="fl-11"/>
      </object_component>
      <object_component id="oc-170">
         <name>.debug_info</name>
         <load_address>0x9ee6</load_address>
         <run_address>0x9ee6</run_address>
         <size>0x177</size>
         <input_file_ref idref="fl-11"/>
      </object_component>
      <object_component id="oc-176">
         <name>.debug_info</name>
         <load_address>0xa05d</load_address>
         <run_address>0xa05d</run_address>
         <size>0x28e</size>
         <input_file_ref idref="fl-11"/>
      </object_component>
      <object_component id="oc-284">
         <name>.debug_info</name>
         <load_address>0xa2eb</load_address>
         <run_address>0xa2eb</run_address>
         <size>0x1aa</size>
         <input_file_ref idref="fl-11"/>
      </object_component>
      <object_component id="oc-27e">
         <name>.debug_info</name>
         <load_address>0xa495</load_address>
         <run_address>0xa495</run_address>
         <size>0x1a6</size>
         <input_file_ref idref="fl-11"/>
      </object_component>
      <object_component id="oc-278">
         <name>.debug_info</name>
         <load_address>0xa63b</load_address>
         <run_address>0xa63b</run_address>
         <size>0x17d</size>
         <input_file_ref idref="fl-11"/>
      </object_component>
      <object_component id="oc-28a">
         <name>.debug_info</name>
         <load_address>0xa7b8</load_address>
         <run_address>0xa7b8</run_address>
         <size>0x17f</size>
         <input_file_ref idref="fl-11"/>
      </object_component>
      <object_component id="oc-245">
         <name>.debug_info</name>
         <load_address>0xa937</load_address>
         <run_address>0xa937</run_address>
         <size>0x199</size>
         <input_file_ref idref="fl-12"/>
      </object_component>
      <object_component id="oc-15c">
         <name>.debug_info</name>
         <load_address>0xaad0</load_address>
         <run_address>0xaad0</run_address>
         <size>0x15f</size>
         <input_file_ref idref="fl-12"/>
      </object_component>
      <object_component id="oc-150">
         <name>.debug_info</name>
         <load_address>0xac2f</load_address>
         <run_address>0xac2f</run_address>
         <size>0x1b6</size>
         <input_file_ref idref="fl-12"/>
      </object_component>
      <object_component id="oc-155">
         <name>.debug_info</name>
         <load_address>0xade5</load_address>
         <run_address>0xade5</run_address>
         <size>0x165</size>
         <input_file_ref idref="fl-12"/>
      </object_component>
      <object_component id="oc-149">
         <name>.debug_info</name>
         <load_address>0xaf4a</load_address>
         <run_address>0xaf4a</run_address>
         <size>0x198</size>
         <input_file_ref idref="fl-12"/>
      </object_component>
      <object_component id="oc-ec">
         <name>.debug_info</name>
         <load_address>0xb0e2</load_address>
         <run_address>0xb0e2</run_address>
         <size>0x16a</size>
         <input_file_ref idref="fl-12"/>
      </object_component>
      <object_component id="oc-103">
         <name>.debug_info</name>
         <load_address>0xb24c</load_address>
         <run_address>0xb24c</run_address>
         <size>0x25c</size>
         <input_file_ref idref="fl-13"/>
      </object_component>
      <object_component id="oc-10f">
         <name>.debug_info</name>
         <load_address>0xb4a8</load_address>
         <run_address>0xb4a8</run_address>
         <size>0x17e</size>
         <input_file_ref idref="fl-13"/>
      </object_component>
      <object_component id="oc-1e7">
         <name>.debug_info</name>
         <load_address>0xb626</load_address>
         <run_address>0xb626</run_address>
         <size>0x180</size>
         <input_file_ref idref="fl-13"/>
      </object_component>
      <object_component id="oc-109">
         <name>.debug_info</name>
         <load_address>0xb7a6</load_address>
         <run_address>0xb7a6</run_address>
         <size>0x186</size>
         <input_file_ref idref="fl-13"/>
      </object_component>
      <object_component id="oc-121">
         <name>.debug_info</name>
         <load_address>0xb92c</load_address>
         <run_address>0xb92c</run_address>
         <size>0x18a</size>
         <input_file_ref idref="fl-13"/>
      </object_component>
      <object_component id="oc-127">
         <name>.debug_info</name>
         <load_address>0xbab6</load_address>
         <run_address>0xbab6</run_address>
         <size>0x19a</size>
         <input_file_ref idref="fl-13"/>
      </object_component>
      <object_component id="oc-11b">
         <name>.debug_info</name>
         <load_address>0xbc50</load_address>
         <run_address>0xbc50</run_address>
         <size>0x1ab</size>
         <input_file_ref idref="fl-13"/>
      </object_component>
      <object_component id="oc-115">
         <name>.debug_info</name>
         <load_address>0xbdfb</load_address>
         <run_address>0xbdfb</run_address>
         <size>0x17e</size>
         <input_file_ref idref="fl-13"/>
      </object_component>
      <object_component id="oc-214">
         <name>.debug_info</name>
         <load_address>0xbf79</load_address>
         <run_address>0xbf79</run_address>
         <size>0x14e</size>
         <input_file_ref idref="fl-15"/>
      </object_component>
      <object_component id="oc-25">
         <name>.debug_info</name>
         <load_address>0xc0c7</load_address>
         <run_address>0xc0c7</run_address>
         <size>0x160</size>
         <input_file_ref idref="fl-cc"/>
      </object_component>
      <object_component id="oc-87">
         <name>.debug_info</name>
         <load_address>0xc227</load_address>
         <run_address>0xc227</run_address>
         <size>0x293</size>
         <input_file_ref idref="fl-cd"/>
      </object_component>
      <object_component id="oc-14">
         <name>.debug_info</name>
         <load_address>0xc4ba</load_address>
         <run_address>0xc4ba</run_address>
         <size>0x245</size>
         <input_file_ref idref="fl-cd"/>
      </object_component>
      <object_component id="oc-37">
         <name>.debug_info</name>
         <load_address>0xc6ff</load_address>
         <run_address>0xc6ff</run_address>
         <size>0x60</size>
         <input_file_ref idref="fl-cd"/>
      </object_component>
      <object_component id="oc-82">
         <name>.debug_info</name>
         <load_address>0xc75f</load_address>
         <run_address>0xc75f</run_address>
         <size>0x46</size>
         <input_file_ref idref="fl-cd"/>
      </object_component>
      <object_component id="oc-4c">
         <name>.debug_info</name>
         <load_address>0xc7a5</load_address>
         <run_address>0xc7a5</run_address>
         <size>0x2da</size>
         <input_file_ref idref="fl-ce"/>
      </object_component>
      <object_component id="oc-1c">
         <name>.debug_info</name>
         <load_address>0xca7f</load_address>
         <run_address>0xca7f</run_address>
         <size>0x1df</size>
         <input_file_ref idref="fl-ce"/>
      </object_component>
      <object_component id="oc-47">
         <name>.debug_info</name>
         <load_address>0xcc5e</load_address>
         <run_address>0xcc5e</run_address>
         <size>0x46</size>
         <input_file_ref idref="fl-ce"/>
      </object_component>
      <object_component id="oc-89">
         <name>.debug_info</name>
         <load_address>0xcca4</load_address>
         <run_address>0xcca4</run_address>
         <size>0x2c</size>
         <input_file_ref idref="fl-ce"/>
      </object_component>
      <object_component id="oc-58">
         <name>.debug_info</name>
         <load_address>0xccd0</load_address>
         <run_address>0xccd0</run_address>
         <size>0x2c9</size>
         <input_file_ref idref="fl-cf"/>
      </object_component>
      <object_component id="oc-20">
         <name>.debug_info</name>
         <load_address>0xcf99</load_address>
         <run_address>0xcf99</run_address>
         <size>0x1aa</size>
         <input_file_ref idref="fl-cf"/>
      </object_component>
      <object_component id="oc-53">
         <name>.debug_info</name>
         <load_address>0xd143</load_address>
         <run_address>0xd143</run_address>
         <size>0x46</size>
         <input_file_ref idref="fl-cf"/>
      </object_component>
      <object_component id="oc-b7">
         <name>.debug_info</name>
         <load_address>0xd189</load_address>
         <run_address>0xd189</run_address>
         <size>0x3ce</size>
         <input_file_ref idref="fl-d0"/>
      </object_component>
      <object_component id="oc-b1">
         <name>.debug_info</name>
         <load_address>0xd557</load_address>
         <run_address>0xd557</run_address>
         <size>0x185</size>
         <input_file_ref idref="fl-d0"/>
      </object_component>
      <object_component id="oc-72">
         <name>.debug_info</name>
         <load_address>0xd6dc</load_address>
         <run_address>0xd6dc</run_address>
         <size>0x214</size>
         <input_file_ref idref="fl-d0"/>
      </object_component>
      <object_component id="oc-f6">
         <name>.debug_info</name>
         <load_address>0xd8f0</load_address>
         <run_address>0xd8f0</run_address>
         <size>0x11a</size>
         <input_file_ref idref="fl-d1"/>
      </object_component>
      <object_component id="oc-44">
         <name>.debug_info</name>
         <load_address>0xda0a</load_address>
         <run_address>0xda0a</run_address>
         <size>0x111</size>
         <input_file_ref idref="fl-d2"/>
      </object_component>
      <object_component id="oc-2c3">
         <name>.debug_info</name>
         <load_address>0xdb1b</load_address>
         <run_address>0xdb1b</run_address>
         <size>0x2c6</size>
         <input_file_ref idref="fl-d3"/>
      </object_component>
      <object_component id="oc-1f8">
         <name>.debug_info</name>
         <load_address>0xdde1</load_address>
         <run_address>0xdde1</run_address>
         <size>0x1ab</size>
         <input_file_ref idref="fl-d3"/>
      </object_component>
      <object_component id="oc-7d">
         <name>.debug_info</name>
         <load_address>0xdf8c</load_address>
         <run_address>0xdf8c</run_address>
         <size>0x3bc</size>
         <input_file_ref idref="fl-d4"/>
      </object_component>
      <object_component id="oc-2b">
         <name>.debug_info</name>
         <load_address>0xe348</load_address>
         <run_address>0xe348</run_address>
         <size>0x101</size>
         <input_file_ref idref="fl-d4"/>
      </object_component>
      <object_component id="oc-2c5">
         <name>.debug_info</name>
         <load_address>0xe449</load_address>
         <run_address>0xe449</run_address>
         <size>0x14c</size>
         <input_file_ref idref="fl-d4"/>
      </object_component>
      <object_component id="oc-1fe">
         <name>.debug_info</name>
         <load_address>0xe595</load_address>
         <run_address>0xe595</run_address>
         <size>0x885</size>
         <input_file_ref idref="fl-d4"/>
      </object_component>
      <object_component id="oc-bd">
         <name>.debug_info</name>
         <load_address>0xee1a</load_address>
         <run_address>0xee1a</run_address>
         <size>0x2c</size>
         <input_file_ref idref="fl-d4"/>
      </object_component>
      <object_component id="oc-c2">
         <name>.debug_info</name>
         <load_address>0xee46</load_address>
         <run_address>0xee46</run_address>
         <size>0x62</size>
         <input_file_ref idref="fl-d4"/>
      </object_component>
      <object_component id="oc-4e">
         <name>.debug_info</name>
         <load_address>0xeea8</load_address>
         <run_address>0xeea8</run_address>
         <size>0x13f</size>
         <input_file_ref idref="fl-d5"/>
      </object_component>
      <object_component id="oc-5d">
         <name>.debug_info</name>
         <load_address>0xefe7</load_address>
         <run_address>0xefe7</run_address>
         <size>0x138</size>
         <input_file_ref idref="fl-d6"/>
      </object_component>
      <object_component id="oc-60">
         <name>.debug_info</name>
         <load_address>0xf11f</load_address>
         <run_address>0xf11f</run_address>
         <size>0x148</size>
         <input_file_ref idref="fl-d7"/>
      </object_component>
      <object_component id="oc-78">
         <name>.debug_info</name>
         <load_address>0xf267</load_address>
         <run_address>0xf267</run_address>
         <size>0x109</size>
         <input_file_ref idref="fl-d8"/>
      </object_component>
      <object_component id="oc-29c">
         <name>.debug_info</name>
         <load_address>0xf370</load_address>
         <run_address>0xf370</run_address>
         <size>0x284</size>
         <input_file_ref idref="fl-d9"/>
      </object_component>
      <object_component id="oc-19c">
         <name>.debug_info</name>
         <load_address>0xf5f4</load_address>
         <run_address>0xf5f4</run_address>
         <size>0x22a</size>
         <input_file_ref idref="fl-d9"/>
      </object_component>
      <object_component id="oc-f2">
         <name>.debug_info</name>
         <load_address>0xf81e</load_address>
         <run_address>0xf81e</run_address>
         <size>0x17d</size>
         <input_file_ref idref="fl-da"/>
      </object_component>
      <object_component id="oc-2b7">
         <name>.debug_info</name>
         <load_address>0xf99b</load_address>
         <run_address>0xf99b</run_address>
         <size>0x362</size>
         <input_file_ref idref="fl-db"/>
      </object_component>
      <object_component id="oc-1f2">
         <name>.debug_info</name>
         <load_address>0xfcfd</load_address>
         <run_address>0xfcfd</run_address>
         <size>0x35c</size>
         <input_file_ref idref="fl-db"/>
      </object_component>
      <object_component id="oc-2b8">
         <name>.debug_info</name>
         <load_address>0x10059</load_address>
         <run_address>0x10059</run_address>
         <size>0x2c</size>
         <input_file_ref idref="fl-db"/>
      </object_component>
      <object_component id="oc-2bd">
         <name>.debug_info</name>
         <load_address>0x10085</load_address>
         <run_address>0x10085</run_address>
         <size>0x69</size>
         <input_file_ref idref="fl-db"/>
      </object_component>
      <object_component id="oc-1c8">
         <name>.debug_info</name>
         <load_address>0x100ee</load_address>
         <run_address>0x100ee</run_address>
         <size>0x2be</size>
         <input_file_ref idref="fl-dc"/>
      </object_component>
      <object_component id="oc-b4">
         <name>.debug_info</name>
         <load_address>0x103ac</load_address>
         <run_address>0x103ac</run_address>
         <size>0x113</size>
         <input_file_ref idref="fl-dc"/>
      </object_component>
      <object_component id="oc-1c1">
         <name>.debug_info</name>
         <load_address>0x104bf</load_address>
         <run_address>0x104bf</run_address>
         <size>0x21f</size>
         <input_file_ref idref="fl-dc"/>
      </object_component>
      <object_component id="oc-34a">
         <name>.debug_info</name>
         <load_address>0x106de</load_address>
         <run_address>0x106de</run_address>
         <size>0x51f</size>
         <input_file_ref idref="fl-dd"/>
      </object_component>
      <object_component id="oc-2b1">
         <name>.debug_info</name>
         <load_address>0x10bfd</load_address>
         <run_address>0x10bfd</run_address>
         <size>0x1543</size>
         <input_file_ref idref="fl-dd"/>
      </object_component>
      <object_component id="oc-34b">
         <name>.debug_info</name>
         <load_address>0x12140</load_address>
         <run_address>0x12140</run_address>
         <size>0x86</size>
         <input_file_ref idref="fl-dd"/>
      </object_component>
      <object_component id="oc-389">
         <name>.debug_info</name>
         <load_address>0x121c6</load_address>
         <run_address>0x121c6</run_address>
         <size>0x46</size>
         <input_file_ref idref="fl-dd"/>
      </object_component>
      <object_component id="oc-350">
         <name>.debug_info</name>
         <load_address>0x1220c</load_address>
         <run_address>0x1220c</run_address>
         <size>0x39</size>
         <input_file_ref idref="fl-dd"/>
      </object_component>
      <object_component id="oc-af">
         <name>.debug_info</name>
         <load_address>0x12245</load_address>
         <run_address>0x12245</run_address>
         <size>0x300</size>
         <input_file_ref idref="fl-de"/>
      </object_component>
      <object_component id="oc-6c">
         <name>.debug_info</name>
         <load_address>0x12545</load_address>
         <run_address>0x12545</run_address>
         <size>0x167</size>
         <input_file_ref idref="fl-de"/>
      </object_component>
      <object_component id="oc-1b9">
         <name>.debug_info</name>
         <load_address>0x126ac</load_address>
         <run_address>0x126ac</run_address>
         <size>0x5e</size>
         <input_file_ref idref="fl-de"/>
      </object_component>
      <object_component id="oc-384">
         <name>.debug_info</name>
         <load_address>0x1270a</load_address>
         <run_address>0x1270a</run_address>
         <size>0x2ae</size>
         <input_file_ref idref="fl-df"/>
      </object_component>
      <object_component id="oc-33e">
         <name>.debug_info</name>
         <load_address>0x129b8</load_address>
         <run_address>0x129b8</run_address>
         <size>0x171</size>
         <input_file_ref idref="fl-df"/>
      </object_component>
      <object_component id="oc-a7">
         <name>.debug_info</name>
         <load_address>0x12b29</load_address>
         <run_address>0x12b29</run_address>
         <size>0x483</size>
         <input_file_ref idref="fl-e0"/>
      </object_component>
      <object_component id="oc-69">
         <name>.debug_info</name>
         <load_address>0x12fac</load_address>
         <run_address>0x12fac</run_address>
         <size>0x190</size>
         <input_file_ref idref="fl-e0"/>
      </object_component>
      <object_component id="oc-ce">
         <name>.debug_info</name>
         <load_address>0x1313c</load_address>
         <run_address>0x1313c</run_address>
         <size>0x39</size>
         <input_file_ref idref="fl-e0"/>
      </object_component>
      <object_component id="oc-1d3">
         <name>.debug_info</name>
         <load_address>0x13175</load_address>
         <run_address>0x13175</run_address>
         <size>0x39</size>
         <input_file_ref idref="fl-e0"/>
      </object_component>
      <object_component id="oc-d3">
         <name>.debug_info</name>
         <load_address>0x131ae</load_address>
         <run_address>0x131ae</run_address>
         <size>0xcd</size>
         <input_file_ref idref="fl-e0"/>
      </object_component>
      <object_component id="oc-ca">
         <name>.debug_info</name>
         <load_address>0x1327b</load_address>
         <run_address>0x1327b</run_address>
         <size>0x37a</size>
         <input_file_ref idref="fl-e1"/>
      </object_component>
      <object_component id="oc-9c">
         <name>.debug_info</name>
         <load_address>0x135f5</load_address>
         <run_address>0x135f5</run_address>
         <size>0x183</size>
         <input_file_ref idref="fl-e1"/>
      </object_component>
      <object_component id="oc-1ce">
         <name>.debug_info</name>
         <load_address>0x13778</load_address>
         <run_address>0x13778</run_address>
         <size>0x2c</size>
         <input_file_ref idref="fl-e1"/>
      </object_component>
      <object_component id="oc-39d">
         <name>.debug_info</name>
         <load_address>0x137a4</load_address>
         <run_address>0x137a4</run_address>
         <size>0xee</size>
         <input_file_ref idref="fl-e2"/>
      </object_component>
      <object_component id="oc-381">
         <name>.debug_info</name>
         <load_address>0x13892</load_address>
         <run_address>0x13892</run_address>
         <size>0xfa</size>
         <input_file_ref idref="fl-e2"/>
      </object_component>
      <object_component id="oc-327">
         <name>.debug_info</name>
         <load_address>0x1398c</load_address>
         <run_address>0x1398c</run_address>
         <size>0x144</size>
         <input_file_ref idref="fl-e3"/>
      </object_component>
      <object_component id="oc-303">
         <name>.debug_info</name>
         <load_address>0x13ad0</load_address>
         <run_address>0x13ad0</run_address>
         <size>0x120</size>
         <input_file_ref idref="fl-e4"/>
      </object_component>
      <object_component id="oc-312">
         <name>.debug_info</name>
         <load_address>0x13bf0</load_address>
         <run_address>0x13bf0</run_address>
         <size>0x122</size>
         <input_file_ref idref="fl-e4"/>
      </object_component>
      <object_component id="oc-30d">
         <name>.debug_info</name>
         <load_address>0x13d12</load_address>
         <run_address>0x13d12</run_address>
         <size>0x132</size>
         <input_file_ref idref="fl-e5"/>
      </object_component>
      <object_component id="oc-30a">
         <name>.debug_info</name>
         <load_address>0x13e44</load_address>
         <run_address>0x13e44</run_address>
         <size>0x132</size>
         <input_file_ref idref="fl-e6"/>
      </object_component>
      <object_component id="oc-319">
         <name>.debug_info</name>
         <load_address>0x13f76</load_address>
         <run_address>0x13f76</run_address>
         <size>0x126</size>
         <input_file_ref idref="fl-e7"/>
      </object_component>
      <object_component id="oc-324">
         <name>.debug_info</name>
         <load_address>0x1409c</load_address>
         <run_address>0x1409c</run_address>
         <size>0x124</size>
         <input_file_ref idref="fl-e8"/>
      </object_component>
[...]
      </symbol>
      <symbol id="sm-228">
         <name>Report</name>
         <value>0x200071ad</value>
         <object_component_ref idref="oc-12a"/>
      </symbol>
      <symbol id="sm-229">
         <name>Error</name>
         <value>0x20007037</value>
         <object_component_ref idref="oc-12a"/>
      </symbol>
      <symbol id="sm-22a">
         <name>InitTerm</name>
         <value>0x20006fed</value>
         <object_component_ref idref="oc-12a"/>
      </symbol>
      <symbol id="sm-22b">
         <name>ClearTerm</name>
         <value>0x2000702d</value>
         <object_component_ref idref="oc-12a"/>
      </symbol>
      <symbol id="sm-22c">
         <name>TrimSpace</name>
         <value>0x20007115</value>
         <object_component_ref idref="oc-12a"/>
      </symbol>
      <symbol id="sm-28c">
         <name>GPIOIntRegister</name>
         <value>0x20008835</value>
         <object_component_ref idref="oc-187"/>
      </symbol>
      <symbol id="sm-28d">
         <name>GPIOIntEnable</name>
         <value>0x200088e5</value>
         <object_component_ref idref="oc-193"/>
      </symbol>
      <symbol id="sm-28e">
         <name>GPIOIntTypeSet</name>
         <value>0x20008085</value>
         <object_component_ref idref="oc-18d"/>
      </symbol>
      <symbol id="sm-28f">
         <name>GPIOIntClear</name>
         <value>0x20008a79</value>
         <object_component_ref idref="oc-de"/>
      </symbol>
      <symbol id="sm-290">
         <name>GPIOIntStatus</name>
         <value>0x20008791</value>
         <object_component_ref idref="oc-d8"/>
      </symbol>
      <symbol id="sm-291">
         <name>GPIOPinRead</name>
         <value>0x20008933</value>
         <object_component_ref idref="oc-e4"/>
      </symbol>
      <symbol id="sm-292">
         <name>GPIODirModeSet</name>
         <value>0x2000862d</value>
         <object_component_ref idref="oc-256"/>
      </symbol>
      <symbol id="sm-293">
         <name>GPIOPinWrite</name>
         <value>0x200087d5</value>
         <object_component_ref idref="oc-271"/>
      </symbol>
      <symbol id="sm-2cc">
         <name>IntVTableBaseSet</name>
         <value>0x20008a8d</value>
         <object_component_ref idref="oc-130"/>
      </symbol>
      <symbol id="sm-2cd">
         <name>IntEnable</name>
         <value>0x20007bf1</value>
         <object_component_ref idref="oc-13c"/>
      </symbol>
      <symbol id="sm-2ce">
         <name>IntRegister</name>
         <value>0x200087f5</value>
         <object_component_ref idref="oc-23e"/>
      </symbol>
      <symbol id="sm-2cf">
         <name>IntMasterEnable</name>
         <value>0x20008b31</value>
         <object_component_ref idref="oc-136"/>
      </symbol>
      <symbol id="sm-30e">
         <name>PinTypeUART</name>
         <value>0x20008919</value>
         <object_component_ref idref="oc-262"/>
      </symbol>
      <symbol id="sm-30f">
         <name>PinTypeGPIO</name>
         <value>0x20008663</value>
         <object_component_ref idref="oc-250"/>
      </symbol>
      <symbol id="sm-310">
         <name>PinConfigSet</name>
         <value>0x20007e69</value>
         <object_component_ref idref="oc-2dc"/>
      </symbol>
      <symbol id="sm-311">
         <name>PinTypeSPI</name>
         <value>0x200088ff</value>
         <object_component_ref idref="oc-25c"/>
      </symbol>
      <symbol id="sm-312">
         <name>PinModeSet</name>
         <value>0x200085b1</value>
         <object_component_ref idref="oc-24a"/>
      </symbol>
      <symbol id="sm-398">
         <name>PRCMPeripheralReset</name>
         <value>0x20008335</value>
         <object_component_ref idref="oc-169"/>
      </symbol>
      <symbol id="sm-399">
         <name>PRCMPeripheralClkEnable</name>
         <value>0x200085f1</value>
         <object_component_ref idref="oc-230"/>
      </symbol>
      <symbol id="sm-39a">
         <name>PRCMPeripheralClockGet</name>
         <value>0x20007dd5</value>
         <object_component_ref idref="oc-fa"/>
      </symbol>
      <symbol id="sm-39b">
         <name>PRCMCC3200MCUInit</name>
         <value>0x20007619</value>
         <object_component_ref idref="oc-142"/>
      </symbol>
      <symbol id="sm-39c">
         <name>PRCMHIBRegWrite</name>
         <value>0x20008a23</value>
         <object_component_ref idref="oc-22a"/>
      </symbol>
      <symbol id="sm-39d">
         <name>PRCMSysResetCauseGet</name>
         <value>0x200086f5</value>
         <object_component_ref idref="oc-21e"/>
      </symbol>
      <symbol id="sm-39e">
         <name>PRCMPeripheralClkDisable</name>
         <value>0x20008721</value>
         <object_component_ref idref="oc-236"/>
      </symbol>
      <symbol id="sm-39f">
         <name>PRCMHIBRegRead</name>
         <value>0x20008a0d</value>
         <object_component_ref idref="oc-224"/>
      </symbol>
      <symbol id="sm-3e4">
         <name>SPICSEnable</name>
         <value>0x20008963</value>
         <object_component_ref idref="oc-277"/>
      </symbol>
      <symbol id="sm-3e5">
         <name>SPIDataPut</name>
         <value>0x20008853</value>
         <object_component_ref idref="oc-27d"/>
      </symbol>
      <symbol id="sm-3e6">
         <name>SPIEnable</name>
         <value>0x2000897b</value>
         <object_component_ref idref="oc-17b"/>
      </symbol>
      <symbol id="sm-3e7">
         <name>SPIDataGet</name>
         <value>0x20008815</value>
         <object_component_ref idref="oc-283"/>
      </symbol>
      <symbol id="sm-3e8">
         <name>SPIConfigSetExpClk</name>
         <value>0x20007c99</value>
         <object_component_ref idref="oc-175"/>
      </symbol>
      <symbol id="sm-3e9">
         <name>SPIReset</name>
         <value>0x200087b3</value>
         <object_component_ref idref="oc-16f"/>
      </symbol>
      <symbol id="sm-3ea">
         <name>SPICSDisable</name>
         <value>0x2000894b</value>
         <object_component_ref idref="oc-289"/>
      </symbol>
      <symbol id="sm-421">
         <name>SysTickEnable</name>
         <value>0x20008add</value>
         <object_component_ref idref="oc-15a"/>
      </symbol>
      <symbol id="sm-422">
         <name>SysTickIntRegister</name>
         <value>0x20008891</value>
         <object_component_ref idref="oc-14e"/>
      </symbol>
      <symbol id="sm-423">
         <name>SysTickIntEnable</name>
         <value>0x20008aed</value>
         <object_component_ref idref="oc-154"/>
      </symbol>
      <symbol id="sm-424">
         <name>SysTickValueGet</name>
         <value>0x20008b19</value>
         <object_component_ref idref="oc-ea"/>
      </symbol>
      <symbol id="sm-425">
         <name>SysTickPeriodSet</name>
         <value>0x20008995</value>
         <object_component_ref idref="oc-148"/>
      </symbol>
      <symbol id="sm-473">
         <name>UARTConfigSetExpClk</name>
         <value>0x20008181</value>
         <object_component_ref idref="oc-100"/>
      </symbol>
      <symbol id="sm-474">
         <name>UARTDisable</name>
         <value>0x20008695</value>
         <object_component_ref idref="oc-1e4"/>
      </symbol>
      <symbol id="sm-475">
         <name>UARTBusy</name>
         <value>0x200089ad</value>
         <object_component_ref idref="oc-112"/>
      </symbol>
      <symbol id="sm-476">
         <name>UARTCharsAvail</name>
         <value>0x200089c5</value>
         <object_component_ref idref="oc-11e"/>
      </symbol>
      <symbol id="sm-477">
         <name>UARTCharGetNonBlocking</name>
         <value>0x200088ad</value>
         <object_component_ref idref="oc-124"/>
      </symbol>
      <symbol id="sm-478">
         <name>UARTCharPut</name>
         <value>0x20008871</value>
         <object_component_ref idref="oc-118"/>
      </symbol>
      <symbol id="sm-479">
         <name>UARTEnable</name>
         <value>0x20008749</value>
         <object_component_ref idref="oc-10c"/>
      </symbol>
      <symbol id="sm-47a">
         <name>UARTFIFOEnable</name>
         <value>0x20008a39</value>
         <object_component_ref idref="oc-106"/>
      </symbol>
      <symbol id="sm-47e">
         <name>UtilsDelay</name>
         <value>0x20008b3b</value>
         <object_component_ref idref="oc-1a2"/>
      </symbol>
      <symbol id="sm-488">
         <name>CPUcpsie</name>
         <value>0x20008a65</value>
         <object_component_ref idref="oc-213"/>
      </symbol>
      <symbol id="sm-49a">
         <name>_c_int00</name>
         <value>0x2000838d</value>
         <object_component_ref idref="oc-24"/>
      </symbol>
      <symbol id="sm-49b">
         <name>__stack</name>
         <value>0x2002ff00</value>
         <object_component_ref idref="oc-29"/>
      </symbol>
      <symbol id="sm-4b9">
         <name>__TI_decompress_lzss</name>
         <value>0x20008269</value>
         <object_component_ref idref="oc-12"/>
      </symbol>
      <symbol id="sm-4d0">
         <name>__TI_decompress_none</name>
         <value>0x20008afd</value>
         <object_component_ref idref="oc-18"/>
      </symbol>
      <symbol id="sm-4e2">
         <name>__TI_zero_init</name>
         <value>0x20008b25</value>
         <object_component_ref idref="oc-1e"/>
      </symbol>
      <symbol id="sm-503">
         <name>C$$EXIT</name>
         <value>0x200083e1</value>
         <object_component_ref idref="oc-71"/>
      </symbol>
      <symbol id="sm-504">
         <name>abort</name>
         <value>0x200083e5</value>
         <object_component_ref idref="oc-71"/>
      </symbol>
      <symbol id="sm-505">
         <name>exit</name>
         <value>0x200083ed</value>
         <object_component_ref idref="oc-71"/>
      </symbol>
      <symbol id="sm-506">
         <name>__TI_dtors_ptr</name>
         <value>0x20017854</value>
         <object_component_ref idref="oc-b0"/>
      </symbol>
      <symbol id="sm-507">
         <name>__TI_cleanup_ptr</name>
         <value>0x20017850</value>
         <object_component_ref idref="oc-b0"/>
      </symbol>
      <symbol id="sm-508">
         <name>__TI_enable_exit_profile_output</name>
         <value>0x20017858</value>
         <object_component_ref idref="oc-b0"/>
      </symbol>
      <symbol id="sm-511">
         <name>__aeabi_lmul</name>
         <value>0x200089f5</value>
         <object_component_ref idref="oc-f5"/>
      </symbol>
      <symbol id="sm-52c">
         <name>memcpy</name>
         <value>0x20007d39</value>
         <object_component_ref idref="oc-41"/>
      </symbol>
      <symbol id="sm-52d">
         <name>__aeabi_memcpy</name>
         <value>0x20007d39</value>
         <object_component_ref idref="oc-41"/>
      </symbol>
      <symbol id="sm-52e">
         <name>__aeabi_memcpy8</name>
         <value>0x20007d39</value>
         <object_component_ref idref="oc-41"/>
      </symbol>
      <symbol id="sm-52f">
         <name>__aeabi_memcpy4</name>
         <value>0x20007d39</value>
         <object_component_ref idref="oc-41"/>
      </symbol>
      <symbol id="sm-53f">
         <name>memmove</name>
         <value>0x2000876d</value>
         <object_component_ref idref="oc-1f7"/>
      </symbol>
      <symbol id="sm-5b3">
         <name>_sys_memory</name>
         <value>0x20017000</value>
         <object_component_ref idref="oc-2a"/>
      </symbol>
      <symbol id="sm-5b4">
         <name>free</name>
         <value>0x20006d07</value>
         <object_component_ref idref="oc-1fd"/>
      </symbol>
      <symbol id="sm-5b5">
         <name>realloc</name>
         <value>0x20006dc9</value>
         <object_component_ref idref="oc-1fd"/>
      </symbol>
      <symbol id="sm-5b6">
         <name>memalign</name>
         <value>0x20006ed1</value>
         <object_component_ref idref="oc-1fd"/>
      </symbol>
      <symbol id="sm-5b7">
         <name>calloc</name>
         <value>0x20006fbd</value>
         <object_component_ref idref="oc-1fd"/>
      </symbol>
      <symbol id="sm-5b8">
         <name>malloc</name>
         <value>0x20006c9d</value>
         <object_component_ref idref="oc-1fd"/>
      </symbol>
      <symbol id="sm-5b9">
         <name>minit</name>
         <value>0x20006c1d</value>
         <object_component_ref idref="oc-1fd"/>
      </symbol>
      <symbol id="sm-5c8">
         <name>__aeabi_memset</name>
         <value>0x20008109</value>
         <object_component_ref idref="oc-4d"/>
      </symbol>
      <symbol id="sm-5c9">
         <name>memset</name>
         <value>0x2000810f</value>
         <object_component_ref idref="oc-4d"/>
      </symbol>
      <symbol id="sm-5ca">
         <name>__aeabi_memset8</name>
         <value>0x20008109</value>
         <object_component_ref idref="oc-4d"/>
      </symbol>
      <symbol id="sm-5cb">
         <name>__aeabi_memset4</name>
         <value>0x20008109</value>
         <object_component_ref idref="oc-4d"/>
      </symbol>
      <symbol id="sm-5cc">
         <name>__aeabi_memclr8</name>
         <value>0x20008107</value>
         <object_component_ref idref="oc-4d"/>
      </symbol>
      <symbol id="sm-5cd">
         <name>__aeabi_memclr4</name>
         <value>0x20008107</value>
         <object_component_ref idref="oc-4d"/>
      </symbol>
      <symbol id="sm-5ce">
         <name>__aeabi_memclr</name>
         <value>0x20008107</value>
         <object_component_ref idref="oc-4d"/>
      </symbol>
      <symbol id="sm-5d8">
         <name>__mpu_init</name>
         <value>0x2000553f</value>
         <object_component_ref idref="oc-59"/>
      </symbol>
      <symbol id="sm-5e2">
         <name>_system_pre_init</name>
         <value>0x20008b41</value>
         <object_component_ref idref="oc-5f"/>
      </symbol>
      <symbol id="sm-5ea">
         <name>main_func_sp</name>
         <value>0x20017874</value>
         <object_component_ref idref="oc-77"/>
      </symbol>
      <symbol id="sm-5f8">
         <name>strlen</name>
         <value>0x20008ac9</value>
         <object_component_ref idref="oc-199"/>
      </symbol>
      <symbol id="sm-614">
         <name>__aeabi_uldivmod</name>
         <value>0x2000726d</value>
         <object_component_ref idref="oc-f0"/>
      </symbol>
      <symbol id="sm-635">
         <name>vsnprintf</name>
         <value>0x20007ef1</value>
         <object_component_ref idref="oc-1f1"/>
      </symbol>
      <symbol id="sm-64e">
         <name>_nop</name>
         <value>0x20008aaf</value>
         <object_component_ref idref="oc-1c0"/>
      </symbol>
      <symbol id="sm-64f">
         <name>_lock</name>
         <value>0x20017868</value>
         <object_component_ref idref="oc-b3"/>
      </symbol>
      <symbol id="sm-650">
         <name>_unlock</name>
         <value>0x2001786c</value>
         <object_component_ref idref="oc-b3"/>
      </symbol>
      <symbol id="sm-651">
         <name>_register_lock</name>
         <value>0x20008aa7</value>
         <object_component_ref idref="oc-1c0"/>
      </symbol>
      <symbol id="sm-652">
         <name>_register_unlock</name>
         <value>0x20008aa1</value>
         <object_component_ref idref="oc-1c0"/>
      </symbol>
      <symbol id="sm-753">
         <name>__TI_printfi</name>
         <value>0x20004c45</value>
         <object_component_ref idref="oc-2b0"/>
      </symbol>
      <symbol id="sm-767">
         <name>_args_main</name>
         <value>0x200089dd</value>
         <object_component_ref idref="oc-6b"/>
      </symbol>
      <symbol id="sm-77d">
         <name>atoi</name>
         <value>0x20008489</value>
         <object_component_ref idref="oc-33d"/>
      </symbol>
      <symbol id="sm-7a7">
         <name>__TI_auto_init</name>
         <value>0x200081f9</value>
         <object_component_ref idref="oc-65"/>
      </symbol>
      <symbol id="sm-7c1">
         <name>copy_in</name>
         <value>0x200084d5</value>
         <object_component_ref idref="oc-9a"/>
      </symbol>
      <symbol id="sm-7cc">
         <name>_ctypes_</name>
         <value>0x2000903f</value>
         <object_component_ref idref="oc-380"/>
      </symbol>
      <symbol id="sm-7e3">
         <name>__aeabi_dsub</name>
         <value>0x20007461</value>
         <object_component_ref idref="oc-326"/>
      </symbol>
      <symbol id="sm-7e4">
         <name>__aeabi_dadd</name>
         <value>0x2000746b</value>
         <object_component_ref idref="oc-326"/>
      </symbol>
      <symbol id="sm-806">
         <name>__aeabi_cdcmpeq</name>
         <value>0x20007f79</value>
         <object_component_ref idref="oc-302"/>
      </symbol>
      <symbol id="sm-807">
         <name>__aeabi_cdcmple</name>
         <value>0x20007f79</value>
         <object_component_ref idref="oc-302"/>
      </symbol>
      <symbol id="sm-808">
         <name>__aeabi_cdrcmple</name>
         <value>0x20007fff</value>
         <object_component_ref idref="oc-311"/>
      </symbol>
      <symbol id="sm-81c">
         <name>__aeabi_ddiv</name>
         <value>0x20007791</value>
         <object_component_ref idref="oc-30c"/>
      </symbol>
      <symbol id="sm-827">
         <name>__aeabi_dmul</name>
         <value>0x200079f9</value>
         <object_component_ref idref="oc-307"/>
      </symbol>
      <symbol id="sm-831">
         <name>__aeabi_d2iz</name>
         <value>0x20008569</value>
         <object_component_ref idref="oc-316"/>
      </symbol>
      <symbol id="sm-83b">
         <name>__aeabi_i2d</name>
         <value>0x200086c5</value>
         <object_component_ref idref="oc-321"/>
      </symbol>
      <symbol id="sm-84a">
         <name>ltoa</name>
         <value>0x20008435</value>
         <object_component_ref idref="oc-31b"/>
      </symbol>
      <symbol id="sm-85a">
         <name>memccpy</name>
         <value>0x200088c9</value>
         <object_component_ref idref="oc-343"/>
      </symbol>
      <symbol id="sm-875">
         <name>frexpl</name>
         <value>0x200082d1</value>
         <object_component_ref idref="oc-32b"/>
      </symbol>
      <symbol id="sm-876">
         <name>frexp</name>
         <value>0x200082d1</value>
         <object_component_ref idref="oc-32b"/>
      </symbol>
      <symbol id="sm-893">
         <name>scalbn</name>
         <value>0x20007af5</value>
         <object_component_ref idref="oc-331"/>
      </symbol>
      <symbol id="sm-894">
         <name>scalbnl</name>
         <value>0x20007af5</value>
         <object_component_ref idref="oc-331"/>
      </symbol>
      <symbol id="sm-895">
         <name>ldexpl</name>
         <value>0x20007af5</value>
         <object_component_ref idref="oc-331"/>
      </symbol>
      <symbol id="sm-896">
         <name>ldexp</name>
         <value>0x20007af5</value>
         <object_component_ref idref="oc-331"/>
      </symbol>
      <symbol id="sm-8a0">
         <name>_system_post_cinit</name>
         <value>0x20006c1b</value>
         <object_component_ref idref="oc-a0"/>
      </symbol>
      <symbol id="sm-8b0">
         <name>strchr</name>
         <value>0x20008a4f</value>
         <object_component_ref idref="oc-337"/>
      </symbol>
      <symbol id="sm-8b8">
         <name>errno</name>
         <value>0x20017870</value>
         <object_component_ref idref="oc-379"/>
      </symbol>
      <symbol id="sm-8c2">
         <name>copysign</name>
         <value>0x20008ab5</value>
         <object_component_ref idref="oc-373"/>
      </symbol>
      <symbol id="sm-8c3">
         <name>copysignl</name>
         <value>0x20008ab5</value>
         <object_component_ref idref="oc-373"/>
      </symbol>
      <symbol id="sm-8c4">
         <name>__TI_static_base__</name>
         <value>0x20009300</value>
      </symbol>
      <symbol id="sm-8c7">
         <name>SHT$$INIT_ARRAY$$Limit</name>
         <value>0x0</value>
      </symbol>
      <symbol id="sm-8c8">
         <name>SHT$$INIT_ARRAY$$Base</name>
         <value>0x0</value>
      </symbol>
   </symbol_table>
   <title>Link successful</title>
</link_info>
