******************************************************************************
                  TI ARM Linker PC v16.9.4                     
******************************************************************************
>> Linked Tue Feb 18 12:53:25 2025

OUTPUT FILE NAME:   <lab3-pt4.out>
ENTRY POINT SYMBOL: "_c_int00"  address: 2000838d


MEMORY CONFIGURATION

         name            origin    length      used     unused   attr    fill
----------------------  --------  ---------  --------  --------  ----  --------
  SRAM_CODE             20004000   00013000  00005360  0000dca0  RW X
  SRAM_DATA             20017000   00019000  000009e9  00018617  RW X


SEGMENT ALLOCATION MAP

run origin  load origin   length   init length attrs members
----------  ----------- ---------- ----------- ----- -------
20004000    20004000    00005360   00005360    r-x
  20004000    20004000    00000400   00000400    r-- .intvecs
  20004400    20004400    00004744   00004744    r-x .text
  20008b44    20008b44    000007bc   000007bc    r-- .const
  20009300    20009300    00000060   00000060    r-- .cinit
20017000    20017000    000008e9   00000000    rw-
  20017000    20017000    00000800   00000000    rw- .sysmem
  20017800    20017800    00000078   00000000    rw- .data
  20017878    20017878    00000071   00000000    rw- .bss
2002ff00    2002ff00    00000100   00000000    rw-
  2002ff00    2002ff00    00000100   00000000    rw- .stack


SECTION ALLOCATION MAP

 output                                  attributes/
section   page    origin      length       input sections
--------  ----  ----------  ----------   ----------------
.intvecs   0    20004000    00000400     
                  20004000    00000400     startup_ccs.obj (.intvecs)

.init_array 
*          0    20004000    00000000     UNINITIALIZED

.text      0    20004400    00004744     
                  20004400    0000113e     rtsv7M4_T_le_v4SPD16_eabi.lib : _printfi.obj (.text)
                  2000553e    00000002                                   : mpu_init.obj (.text)
                  20005540    00000a80     Adafruit_GFX.obj (.text)
                  20005fc0    000007a4     main.obj (.text)
                  20006764    000004b6     Adafruit_OLED.obj (.text)
                  20006c1a    00000002     rtsv7M4_T_le_v4SPD16_eabi.lib : startup.obj (.text)
                  20006c1c    000003d0                                   : memory.obj (.text)
                  20006fec    00000280     uart_if.obj (.text)
                  2000726c    000001f4     rtsv7M4_T_le_v4SPD16_eabi.lib : ull_div_t2.obj (.text)
                  20007460    000001b6                                   : fd_add_t2.obj (.text)
                  20007616    00000002     --HOLE-- [fill = 0]
                  20007618    00000178     driverlib.a : prcm.obj (.text:PRCMCC3200MCUInit)
                  20007790    00000136     rtsv7M4_T_le_v4SPD16_eabi.lib : fd_div_t2.obj (.text)
                  200078c6    00000002     --HOLE-- [fill = 0]
                  200078c8    00000130     pin_mux_config.obj (.text)
                  200079f8    000000fc     rtsv7M4_T_le_v4SPD16_eabi.lib : fd_mul_t2.obj (.text)
                  20007af4    000000fc                                   : s_scalbn.obj (.text)
                  20007bf0    000000a8     driverlib.a : interrupt.obj (.text:IntEnable)
                  20007c98    000000a0                 : spi.obj (.text:SPIConfigSetExpClk)
                  20007d38    0000009c     rtsv7M4_T_le_v4SPD16_eabi.lib : memcpy_t2.obj (.text)
                  20007dd4    00000094     driverlib.a : prcm.obj (.text:PRCMPeripheralClockGet)
                  20007e68    00000088                 : pin.obj (.text:PinConfigSet)
                  20007ef0    00000088     rtsv7M4_T_le_v4SPD16_eabi.lib : vsnprintf.obj (.text)
                  20007f78    00000086                                   : fd_cmp_t2.obj (.text:__aeabi_cdcmple)
                  20007ffe    00000086                                   : fd_cmp_t2.obj (.text:__aeabi_cdrcmple)
                  20008084    00000082     driverlib.a : gpio.obj (.text:GPIOIntTypeSet)
                  20008106    0000007a     rtsv7M4_T_le_v4SPD16_eabi.lib : memset_t2.obj (.text)
                  20008180    00000076     driverlib.a : uart.obj (.text:UARTConfigSetExpClk)
                  200081f6    00000002     --HOLE-- [fill = 0]
                  200081f8    00000070     rtsv7M4_T_le_v4SPD16_eabi.lib : autoinit.obj (.text)
                  20008268    00000068                                   : copy_decompress_lzss.obj (.text:decompress:lzss)
                  200082d0    00000064                                   : s_frexp.obj (.text)
                  20008334    00000058     driverlib.a : prcm.obj (.text:PRCMPeripheralReset)
                  2000838c    00000054     rtsv7M4_T_le_v4SPD16_eabi.lib : boot.obj (.text)
                  200083e0    00000054                                   : exit.obj (.text)
                  20008434    00000054                                   : ltoa.obj (.text)
                  20008488    0000004c                                   : atoi.obj (.text)
                  200084d4    0000004c                                   : cpy_tbl.obj (.text)
                  20008520    00000048     driverlib.a : gpio.obj (.text:GPIOGetIntNumber)
                  20008568    00000048     rtsv7M4_T_le_v4SPD16_eabi.lib : fd_toi_t2.obj (.text)
                  200085b0    00000040     driverlib.a : pin.obj (.text:PinModeSet)
                  200085f0    0000003c                 : prcm.obj (.text:PRCMPeripheralClkEnable)
                  2000862c    00000036                 : gpio.obj (.text:GPIODirModeSet)
                  20008662    00000030                 : pin.obj (.text:PinTypeGPIO)
                  20008692    00000002     --HOLE-- [fill = 0]
                  20008694    00000030                 : uart.obj (.text:UARTDisable)
                  200086c4    0000002e     rtsv7M4_T_le_v4SPD16_eabi.lib : i_tofd_t2.obj (.text)
                  200086f2    00000002     --HOLE-- [fill = 0]
                  200086f4    0000002c     driverlib.a : prcm.obj (.text:PRCMSysResetCauseGet)
                  20008720    00000028                 : prcm.obj (.text:PRCMPeripheralClkDisable)
                  20008748    00000024                 : uart.obj (.text:UARTEnable)
                  2000876c    00000024     rtsv7M4_T_le_v4SPD16_eabi.lib : memmov.obj (.text)
                  20008790    00000022     driverlib.a : gpio.obj (.text:GPIOIntStatus)
                  200087b2    00000022                 : spi.obj (.text:SPIReset)
                  200087d4    00000020                 : gpio.obj (.text:GPIOPinWrite)
                  200087f4    00000020                 : interrupt.obj (.text:IntRegister)
                  20008814    00000020                 : spi.obj (.text:SPIDataGet)
                  20008834    0000001e                 : gpio.obj (.text:GPIOIntRegister)
                  20008852    0000001e                 : spi.obj (.text:SPIDataPut)
                  20008870    0000001e                 : uart.obj (.text:UARTCharPut)
                  2000888e    00000002     --HOLE-- [fill = 0]
                  20008890    0000001c                 : systick.obj (.text:SysTickIntRegister)
                  200088ac    0000001c                 : uart.obj (.text:UARTCharGetNonBlocking)
                  200088c8    0000001c     rtsv7M4_T_le_v4SPD16_eabi.lib : memccpy.obj (.text)
                  200088e4    0000001a     driverlib.a : gpio.obj (.text:GPIOIntEnable)
                  200088fe    0000001a                 : pin.obj (.text:PinTypeSPI)
                  20008918    0000001a                 : pin.obj (.text:PinTypeUART)
                  20008932    00000018                 : gpio.obj (.text:GPIOPinRead)
                  2000894a    00000018                 : spi.obj (.text:SPICSDisable)
                  20008962    00000018                 : spi.obj (.text:SPICSEnable)
                  2000897a    00000018                 : spi.obj (.text:SPIEnable)
                  20008992    00000002     --HOLE-- [fill = 0]
                  20008994    00000018                 : systick.obj (.text:SysTickPeriodSet)
                  200089ac    00000018                 : uart.obj (.text:UARTBusy)
                  200089c4    00000018                 : uart.obj (.text:UARTCharsAvail)
                  200089dc    00000018     rtsv7M4_T_le_v4SPD16_eabi.lib : args_main.obj (.text)
                  200089f4    00000018                                   : ll_mul_t2.obj (.text)
                  20008a0c    00000016     driverlib.a : prcm.obj (.text:PRCMHIBRegRead)
                  20008a22    00000016                 : prcm.obj (.text:PRCMHIBRegWrite)
                  20008a38    00000016                 : uart.obj (.text:UARTFIFOEnable)
                  20008a4e    00000016     rtsv7M4_T_le_v4SPD16_eabi.lib : strchr.obj (.text)
                  20008a64    00000014     driverlib.a : cpu.obj (.text:CPUcpsie)
                  20008a78    00000014                 : gpio.obj (.text:GPIOIntClear)
                  20008a8c    00000014                 : interrupt.obj (.text:IntVTableBaseSet)
                  20008aa0    00000014     rtsv7M4_T_le_v4SPD16_eabi.lib : _lock.obj (.text)
                  20008ab4    00000014                                   : s_copysign.obj (.text)
                  20008ac8    00000014                                   : strlen.obj (.text)
                  20008adc    00000010     driverlib.a : systick.obj (.text:SysTickEnable)
                  20008aec    00000010                 : systick.obj (.text:SysTickIntEnable)
                  20008afc    0000000e     rtsv7M4_T_le_v4SPD16_eabi.lib : copy_decompress_none.obj (.text:decompress:none)
                  20008b0a    0000000e     startup_ccs.obj (.text)
                  20008b18    0000000c     driverlib.a : systick.obj (.text:SysTickValueGet)
                  20008b24    0000000c     rtsv7M4_T_le_v4SPD16_eabi.lib : copy_zero_init.obj (.text:decompress:ZI)
                  20008b30    0000000a     driverlib.a : interrupt.obj (.text:IntMasterEnable)
                  20008b3a    00000006                 : utils.obj (.text:UtilsDelay)
                  20008b40    00000004     rtsv7M4_T_le_v4SPD16_eabi.lib : pre_init.obj (.text)

.const     0    20008b44    000007bc     
                  20008b44    000004fb     Adafruit_GFX.obj (.const:.string:font)
                  2000903f    00000101     rtsv7M4_T_le_v4SPD16_eabi.lib : ctype.obj (.const:.string:_ctypes_)
                  20009140    00000100     driverlib.a : pin.obj (.const:g_ulPinToPadMap)
                  20009240    000000a8                 : prcm.obj (.const:PRCM_PeriphRegsList)
                  200092e8    00000018                 : interrupt.obj (.const:g_pulEnRegs)

.cinit     0    20009300    00000060     
                  20009300    00000039     (.cinit..data.load) [load image, compression = lzss]
                  20009339    00000003     --HOLE-- [fill = 0]
                  2000933c    0000000c     (__TI_handler_table)
                  20009348    00000008     (.cinit..bss.load) [load image, compression = zero_init]
                  20009350    00000010     (__TI_cinit_table)

.sysmem    0    20017000    00000800     UNINITIALIZED
                  20017000    00000008     rtsv7M4_T_le_v4SPD16_eabi.lib : memory.obj (.sysmem)
                  20017008    000007f8     --HOLE--

.data      0    20017800    00000078     UNINITIALIZED
                  20017800    00000036     main.obj (.data)
                  20017836    00000002     --HOLE--
                  20017838    00000015     Adafruit_GFX.obj (.data)
                  2001784d    00000003     --HOLE--
                  20017850    0000000c     rtsv7M4_T_le_v4SPD16_eabi.lib : exit.obj (.data:$O1$$)
                  2001785c    0000000c                                   : memory.obj (.data:$O1$$)
                  20017868    00000008                                   : _lock.obj (.data:$O1$$)
                  20017870    00000004                                   : errno.obj (.data)
                  20017874    00000004                                   : stkdepth_vars.obj (.data)

.bss       0    20017878    00000071     UNINITIALIZED
                  20017878    00000034     (.common:msg)
                  200178ac    00000034     (.common:received_msg)
                  200178e0    00000004     uart_if.obj (.bss)
                  200178e4    00000004     (.common:l)
                  200178e8    00000001     (.common:pin_out_intflag)

.stack     0    2002ff00    00000100     UNINITIALIZED
                  2002ff00    00000100     --HOLE--

MODULE SUMMARY

       Module                     code    ro data   rw data
       ------                     ----    -------   -------
    .\
       Adafruit_GFX.obj           2688    1275      21     
       main.obj                   1956    0         163    
       Adafruit_OLED.obj          1206    0         0      
       startup_ccs.obj            14      1024      0      
       uart_if.obj                640     0         4      
       pin_mux_config.obj         304     0         0      
    +--+--------------------------+-------+---------+---------+
       Total:                     6808    2299      188    
                                                           
    C:/ti/CC3200SDK_1.5.0/cc3200-sdk/driverlib/ccs/Release/driverlib.a
       prcm.obj                   800     168       0      
       pin.obj                    300     256       0      
       gpio.obj                   422     0         0      
       uart.obj                   330     0         0      
       spi.obj                    328     0         0      
       interrupt.obj              230     24        0      
       systick.obj                96      0         0      
       cpu.obj                    20      0         0      
       utils.obj                  6       0         0      
    +--+--------------------------+-------+---------+---------+
       Total:                     2532    448       0      
                                                           
    C:\ti\ccsv7\tools\compiler\ti-cgt-arm_16.9.4.LTS\lib\rtsv7M4_T_le_v4SPD16_eabi.lib
       _printfi.obj               4414    0         0      
       memory.obj                 976     0         12     
       ull_div_t2.obj             500     0         0      
       fd_add_t2.obj              438     0         0      
       fd_div_t2.obj              310     0         0      
       fd_cmp_t2.obj              268     0         0      
       ctype.obj                  0       257       0      
       fd_mul_t2.obj              252     0         0      
       s_scalbn.obj               252     0         0      
       memcpy_t2.obj              156     0         0      
       vsnprintf.obj              136     0         0      
       memset_t2.obj              122     0         0      
       autoinit.obj               112     0         0      
       copy_decompress_lzss.obj   104     0         0      
       s_frexp.obj                100     0         0      
       exit.obj                   84      0         12     
       boot.obj                   84      0         0      
       ltoa.obj                   84      0         0      
       atoi.obj                   76      0         0      
       cpy_tbl.obj                76      0         0      
       fd_toi_t2.obj              72      0         0      
       i_tofd_t2.obj              46      0         0      
       memmov.obj                 36      0         0      
       _lock.obj                  20      0         8      
       memccpy.obj                28      0         0      
       args_main.obj              24      0         0      
       ll_mul_t2.obj              24      0         0      
       strchr.obj                 22      0         0      
       s_copysign.obj             20      0         0      
       strlen.obj                 20      0         0      
       copy_decompress_none.obj   14      0         0      
       copy_zero_init.obj         12      0         0      
       errno.obj                  0       0         4      
       pre_init.obj               4       0         0      
       stkdepth_vars.obj          0       0         4      
       mpu_init.obj               2       0         0      
       startup.obj                2       0         0      
    +--+--------------------------+-------+---------+---------+
       Total:                     8890    257       40     
                                                           
       Heap:                      0       0         2048   
       Stack:                     0       0         256    
       Linker Generated:          0       93        0      
    +--+--------------------------+-------+---------+---------+
       Grand Total:               18230   3097      2532   


LINKER GENERATED COPY TABLES

__TI_cinit_table @ 20009350 records: 2, size/record: 8, table size: 16
	.data: load addr=20009300, load size=00000039 bytes, run addr=20017800, run size=00000078 bytes, compression=lzss
	.bss: load addr=20009348, load size=00000008 bytes, run addr=20017878, run size=00000071 bytes, compression=zero_init


LINKER GENERATED HANDLER TABLE

__TI_handler_table @ 2000933c records: 3, size/record: 4, table size: 12
	index: 0, handler: __TI_decompress_lzss
	index: 1, handler: __TI_decompress_none
	index: 2, handler: __TI_zero_init


GLOBAL SYMBOLS: SORTED ALPHABETICALLY BY Name 

address   name                           
-------   ----                           
200067ed  Adafruit_Init                  
200083e1  C$$EXIT                        
20008a65  CPUcpsie                       
2000702d  ClearTerm                      
20006977  Color565                       
20007037  Error                          
2000862d  GPIODirModeSet                 
20008a79  GPIOIntClear                   
200088e5  GPIOIntEnable                  
20008835  GPIOIntRegister                
20008791  GPIOIntStatus                  
20008085  GPIOIntTypeSet                 
20008933  GPIOPinRead                    
200087d5  GPIOPinWrite                   
2000706f  GetCmd                         
20006fed  InitTerm                       
200060f1  InitUART1                      
20007bf1  IntEnable                      
20008b31  IntMasterEnable                
200087f5  IntRegister                    
20008a8d  IntVTableBaseSet               
2000700b  Message                        
20005eeb  Outstr                         
20007619  PRCMCC3200MCUInit              
20008a0d  PRCMHIBRegRead                 
20008a23  PRCMHIBRegWrite                
20008721  PRCMPeripheralClkDisable       
200085f1  PRCMPeripheralClkEnable        
20007dd5  PRCMPeripheralClockGet         
20008335  PRCMPeripheralReset            
200086f5  PRCMSysResetCauseGet           
20007e69  PinConfigSet                   
200085b1  PinModeSet                     
200078c9  PinMuxConfig                   
20008663  PinTypeGPIO                    
200088ff  PinTypeSPI                     
20008919  PinTypeUART                    
200071ad  Report                         
20008b0b  ResetISR                       
UNDEFED   SHT$$INIT_ARRAY$$Base          
UNDEFED   SHT$$INIT_ARRAY$$Limit         
2000894b  SPICSDisable                   
20008963  SPICSEnable                    
20007c99  SPIConfigSetExpClk             
20008815  SPIDataGet                     
20008853  SPIDataPut                     
2000897b  SPIEnable                      
200087b3  SPIReset                       
20008add  SysTickEnable                  
20008aed  SysTickIntEnable               
20008891  SysTickIntRegister             
20008995  SysTickPeriodSet               
20008b19  SysTickValueGet                
20007115  TrimSpace                      
2000613d  UART1Receive                   
20006115  UART1Send                      
200089ad  UARTBusy                       
200088ad  UARTCharGetNonBlocking         
20008871  UARTCharPut                    
200089c5  UARTCharsAvail                 
20008181  UARTConfigSetExpClk            
20008695  UARTDisable                    
20008749  UARTEnable                     
20008a39  UARTFIFOEnable                 
20008b3b  UtilsDelay                     
20030000  __STACK_END                    
00000100  __STACK_SIZE                   
00000800  __SYSMEM_SIZE                  
20009350  __TI_CINIT_Base                
20009360  __TI_CINIT_Limit               
2000933c  __TI_Handler_Table_Base        
20009348  __TI_Handler_Table_Limit       
200081f9  __TI_auto_init                 
20017850  __TI_cleanup_ptr               
20008269  __TI_decompress_lzss           
20008afd  __TI_decompress_none           
20017854  __TI_dtors_ptr                 
20017858  __TI_enable_exit_profile_output
ffffffff  __TI_pprof_out_hndl            
20004c45  __TI_printfi                   
ffffffff  __TI_prof_data_size            
ffffffff  __TI_prof_data_start           
20009300  __TI_static_base__             
20008b25  __TI_zero_init                 
20007f79  __aeabi_cdcmpeq                
20007f79  __aeabi_cdcmple                
20007fff  __aeabi_cdrcmple               
20008569  __aeabi_d2iz                   
2000746b  __aeabi_dadd                   
20007791  __aeabi_ddiv                   
200079f9  __aeabi_dmul                   
20007461  __aeabi_dsub                   
200086c5  __aeabi_i2d                    
200089f5  __aeabi_lmul                   
20008107  __aeabi_memclr                 
20008107  __aeabi_memclr4                
20008107  __aeabi_memclr8                
20007d39  __aeabi_memcpy                 
20007d39  __aeabi_memcpy4                
20007d39  __aeabi_memcpy8                
20008109  __aeabi_memset                 
20008109  __aeabi_memset4                
20008109  __aeabi_memset8                
2000726d  __aeabi_uldivmod               
ffffffff  __binit__                      
ffffffff  __c_args__                     
2000553f  __mpu_init                     
2002ff00  __stack                        
200089dd  _args_main                     
2000838d  _c_int00                       
2000903f  _ctypes_                       
20017868  _lock                          
20008aaf  _nop                           
20008aa7  _register_lock                 
20008aa1  _register_unlock               
20017000  _sys_memory                    
20006c1b  _system_post_cinit             
20008b41  _system_pre_init               
2001786c  _unlock                        
200083e5  abort                          
20008489  atoi                           
ffffffff  binit                          
20006fbd  calloc                         
20017835  caps_lock                      
200084d5  copy_in                        
20008ab5  copysign                       
20008ab5  copysignl                      
20017824  curr_cycle                     
20017828  curr_letter                    
20017838  cursor_x                       
2001783c  cursor_y                       
20017808  data                           
20005d9f  drawChar                       
20005541  drawCircle                     
20005675  drawCircleHelper               
20006b25  drawFastHLine                  
20006a89  drawFastVLine                  
200058bb  drawLine                       
20006bc1  drawPixel                      
200059a7  drawRect                       
200059f5  drawRoundRect                  
20005b5d  drawTriangle                   
20017804  edge_counter                   
20017870  errno                          
200083ed  exit                           
20005793  fillCircle                     
200057cd  fillCircleHelper               
200069cf  fillRect                       
20005ae3  fillRoundRect                  
200069b9  fillScreen                     
20005b9f  fillTriangle                   
20006d07  free                           
200082d1  frexp                          
200082d1  frexpl                         
20004000  g_pfnVectors                   
20017814  global_time                    
20006933  goTo                           
20005f9f  height                         
20006bff  invert                         
200178e4  l                              
20017820  last_time_button_pressed       
20007af5  ldexp                          
20007af5  ldexpl                         
20008435  ltoa                           
20006271  main                           
20017874  main_func_sp                   
20006c9d  malloc                         
20006ed1  memalign                       
200088c9  memccpy                        
20007d39  memcpy                         
2000876d  memmove                        
2000810f  memset                         
20017834  message_sent                   
20006c1d  minit                          
20017878  msg                            
200178e8  pin_out_intflag                
20017810  prev_data                      
20017818  prev_detection                 
2001781c  prev_print                     
2001780c  reading_data                   
20006dc9  realloc                        
200178ac  received_msg                   
20017830  rx                             
20007af5  scalbn                         
20007af5  scalbnl                        
20005f37  setCursor                      
20005f6f  setTextColor                   
20005f4f  setTextSize                    
20005f87  setTextWrap                    
20008a4f  strchr                         
20008ac9  strlen                         
20017800  systick_cnt                    
20017848  textbgcolor                    
20017844  textcolor                      
20017840  textsize                       
20007ef1  vsnprintf                      
20005f9b  width                          
2001784c  wrap                           
20006765  writeCommand                   
200067a9  writeData                      
2001782c  x                              


GLOBAL SYMBOLS: SORTED BY Symbol Address 

address   name                           
-------   ----                           
00000100  __STACK_SIZE                   
00000800  __SYSMEM_SIZE                  
20004000  g_pfnVectors                   
20004c45  __TI_printfi                   
2000553f  __mpu_init                     
20005541  drawCircle                     
20005675  drawCircleHelper               
20005793  fillCircle                     
200057cd  fillCircleHelper               
200058bb  drawLine                       
200059a7  drawRect                       
200059f5  drawRoundRect                  
20005ae3  fillRoundRect                  
20005b5d  drawTriangle                   
20005b9f  fillTriangle                   
20005d9f  drawChar                       
20005eeb  Outstr                         
20005f37  setCursor                      
20005f4f  setTextSize                    
20005f6f  setTextColor                   
20005f87  setTextWrap                    
20005f9b  width                          
20005f9f  height                         
200060f1  InitUART1                      
20006115  UART1Send                      
2000613d  UART1Receive                   
20006271  main                           
20006765  writeCommand                   
200067a9  writeData                      
200067ed  Adafruit_Init                  
20006933  goTo                           
20006977  Color565                       
200069b9  fillScreen                     
200069cf  fillRect                       
20006a89  drawFastVLine                  
20006b25  drawFastHLine                  
20006bc1  drawPixel                      
20006bff  invert                         
20006c1b  _system_post_cinit             
20006c1d  minit                          
20006c9d  malloc                         
20006d07  free                           
20006dc9  realloc                        
20006ed1  memalign                       
20006fbd  calloc                         
20006fed  InitTerm                       
2000700b  Message                        
2000702d  ClearTerm                      
20007037  Error                          
2000706f  GetCmd                         
20007115  TrimSpace                      
200071ad  Report                         
2000726d  __aeabi_uldivmod               
20007461  __aeabi_dsub                   
2000746b  __aeabi_dadd                   
20007619  PRCMCC3200MCUInit              
20007791  __aeabi_ddiv                   
200078c9  PinMuxConfig                   
200079f9  __aeabi_dmul                   
20007af5  ldexp                          
20007af5  ldexpl                         
20007af5  scalbn                         
20007af5  scalbnl                        
20007bf1  IntEnable                      
20007c99  SPIConfigSetExpClk             
20007d39  __aeabi_memcpy                 
20007d39  __aeabi_memcpy4                
20007d39  __aeabi_memcpy8                
20007d39  memcpy                         
20007dd5  PRCMPeripheralClockGet         
20007e69  PinConfigSet                   
20007ef1  vsnprintf                      
20007f79  __aeabi_cdcmpeq                
20007f79  __aeabi_cdcmple                
20007fff  __aeabi_cdrcmple               
20008085  GPIOIntTypeSet                 
20008107  __aeabi_memclr                 
20008107  __aeabi_memclr4                
20008107  __aeabi_memclr8                
20008109  __aeabi_memset                 
20008109  __aeabi_memset4                
20008109  __aeabi_memset8                
2000810f  memset                         
20008181  UARTConfigSetExpClk            
200081f9  __TI_auto_init                 
20008269  __TI_decompress_lzss           
200082d1  frexp                          
200082d1  frexpl                         
20008335  PRCMPeripheralReset            
2000838d  _c_int00                       
200083e1  C$$EXIT                        
200083e5  abort                          
200083ed  exit                           
20008435  ltoa                           
20008489  atoi                           
200084d5  copy_in                        
20008569  __aeabi_d2iz                   
200085b1  PinModeSet                     
200085f1  PRCMPeripheralClkEnable        
2000862d  GPIODirModeSet                 
20008663  PinTypeGPIO                    
20008695  UARTDisable                    
200086c5  __aeabi_i2d                    
200086f5  PRCMSysResetCauseGet           
20008721  PRCMPeripheralClkDisable       
20008749  UARTEnable                     
2000876d  memmove                        
20008791  GPIOIntStatus                  
200087b3  SPIReset                       
200087d5  GPIOPinWrite                   
200087f5  IntRegister                    
20008815  SPIDataGet                     
20008835  GPIOIntRegister                
20008853  SPIDataPut                     
20008871  UARTCharPut                    
20008891  SysTickIntRegister             
200088ad  UARTCharGetNonBlocking         
200088c9  memccpy                        
200088e5  GPIOIntEnable                  
200088ff  PinTypeSPI                     
20008919  PinTypeUART                    
20008933  GPIOPinRead                    
2000894b  SPICSDisable                   
20008963  SPICSEnable                    
2000897b  SPIEnable                      
20008995  SysTickPeriodSet               
200089ad  UARTBusy                       
200089c5  UARTCharsAvail                 
200089dd  _args_main                     
200089f5  __aeabi_lmul                   
20008a0d  PRCMHIBRegRead                 
20008a23  PRCMHIBRegWrite                
20008a39  UARTFIFOEnable                 
20008a4f  strchr                         
20008a65  CPUcpsie                       
20008a79  GPIOIntClear                   
20008a8d  IntVTableBaseSet               
20008aa1  _register_unlock               
20008aa7  _register_lock                 
20008aaf  _nop                           
20008ab5  copysign                       
20008ab5  copysignl                      
20008ac9  strlen                         
20008add  SysTickEnable                  
20008aed  SysTickIntEnable               
20008afd  __TI_decompress_none           
20008b0b  ResetISR                       
20008b19  SysTickValueGet                
20008b25  __TI_zero_init                 
20008b31  IntMasterEnable                
20008b3b  UtilsDelay                     
20008b41  _system_pre_init               
2000903f  _ctypes_                       
20009300  __TI_static_base__             
2000933c  __TI_Handler_Table_Base        
20009348  __TI_Handler_Table_Limit       
20009350  __TI_CINIT_Base                
20009360  __TI_CINIT_Limit               
20017000  _sys_memory                    
20017800  systick_cnt                    
20017804  edge_counter                   
20017808  data                           
2001780c  reading_data                   
20017810  prev_data                      
20017814  global_time                    
20017818  prev_detection                 
2001781c  prev_print                     
20017820  last_time_button_pressed       
20017824  curr_cycle                     
20017828  curr_letter                    
2001782c  x                              
20017830  rx                             
20017834  message_sent                   
20017835  caps_lock                      
20017838  cursor_x                       
2001783c  cursor_y                       
20017840  textsize                       
20017844  textcolor                      
20017848  textbgcolor                    
2001784c  wrap                           
20017850  __TI_cleanup_ptr               
20017854  __TI_dtors_ptr                 
20017858  __TI_enable_exit_profile_output
20017868  _lock                          
2001786c  _unlock                        
20017870  errno                          
20017874  main_func_sp                   
20017878  msg                            
200178ac  received_msg                   
200178e4  l                              
200178e8  pin_out_intflag                
2002ff00  __stack                        
20030000  __STACK_END                    
ffffffff  __TI_pprof_out_hndl            
ffffffff  __TI_prof_data_size            
ffffffff  __TI_prof_data_start           
ffffffff  __binit__                      
ffffffff  __c_args__                     
ffffffff  binit                          
UNDEFED   SHT$$INIT_ARRAY$$Base          
UNDEFED   SHT$$INIT_ARRAY$$Limit         

[201 symbols]
